level 2 (共 37 Functions):
  ti_stoch
  ti_stochrsi
  ti_mfi
  ti_trima
  tc_evening_star
  ti_ultosc
  ti_cvi
  tc_abandoned_baby_bear
  ti_atr_ref
  ti_cci
  tc_abandoned_baby_bull
  tc_big_black_candle
  tc_big_white_candle
  tc_black_marubozu
  tc_doji
  tc_dragonfly_doji
  tc_engulfing_bear
  tc_engulfing_bull
  ti_adxr
  tc_evening_doji_star
  tc_four_price_doji
  tc_gravestone_doji
  ti_mass
  tc_hammer
  tc_hanging_man
  tc_inverted_hammer
  tc_long_legged_doji
  tc_marubozu
  tc_morning_doji_star
  tc_morning_star
  tc_shooting_star
  tc_spinning_top
  tc_star
  tc_three_black_crows
  tc_three_white_soldiers
  ti_hma
  tc_white_marubozu
level 3 (共 1 Functions):
  tc_run
