ti_abs                          16 inputs  {"normal": 16}  1s
ti_abs_start                     1 inputs  {"normal": 1}  0s
ti_acos                         15 inputs  {"normal": 15}  0s
ti_acos_start                    1 inputs  {"normal": 1}  0s
ti_ad                           18 inputs  {"normal": 18}  1s
ti_ad_start                      1 inputs  {"normal": 1}  0s
ti_add                          15 inputs  {"normal": 15}  0s
ti_add_start                     1 inputs  {"normal": 1}  0s
ti_adosc                        27 inputs  {"normal": 25, "ub-gated": 2}  1s
ti_adosc_start                  21 inputs  {"normal": 21}  1s
ti_adx                          24 inputs  {"normal": 24}  1s
ti_adx_start                    14 inputs  {"normal": 14}  0s
ti_adxr                         25 inputs  {"normal": 25}  1s
ti_adxr_start                   14 inputs  {"normal": 14}  0s
ti_ao                           16 inputs  {"normal": 16}  1s
ti_ao_start                      1 inputs  {"normal": 1}  0s
ti_apo                          26 inputs  {"normal": 26}  1s
ti_apo_start                     1 inputs  {"normal": 1}  0s
ti_aroon                        25 inputs  {"normal": 25}  1s
ti_aroon_start                  14 inputs  {"normal": 14}  0s
ti_aroonosc                     23 inputs  {"normal": 23}  1s
ti_aroonosc_start               14 inputs  {"normal": 14}  0s
ti_asin                         19 inputs  {"normal": 19}  1s
ti_asin_start                    1 inputs  {"normal": 1}  0s
ti_atan                         16 inputs  {"normal": 16}  1s
ti_atan_start                    1 inputs  {"normal": 1}  0s
ti_atr                          25 inputs  {"normal": 25}  1s
ti_atr_start                    14 inputs  {"normal": 14}  0s
ti_avgprice                     13 inputs  {"normal": 13}  0s
ti_avgprice_start                1 inputs  {"normal": 1}  0s
ti_bbands                       24 inputs  {"ub-gated": 4, "normal": 19, "nan_equivalent": 1}  1s
ti_bbands_start                 14 inputs  {"normal": 14}  0s
ti_bop                          16 inputs  {"normal": 16}  1s
ti_bop_start                     1 inputs  {"normal": 1}  0s
ti_buffer_new                    1 inputs  {"normal": 1}  0s
ti_build                         1 inputs  {"normal": 1}  0s
ti_cci                          29 inputs  {"normal": 29}  1s
ti_cci_start                    14 inputs  {"normal": 14}  0s
ti_ceil                         15 inputs  {"normal": 15}  0s
ti_ceil_start                    1 inputs  {"normal": 1}  0s
ti_cmo                          28 inputs  {"normal": 27, "ub-gated": 1}  1s
ti_cmo_start                    14 inputs  {"normal": 14}  0s
ti_cos                          17 inputs  {"normal": 17}  1s
ti_cos_start                     1 inputs  {"normal": 1}  0s
ti_cosh                         17 inputs  {"normal": 17}  1s
ti_cosh_start                    1 inputs  {"normal": 1}  0s
ti_crossany                     26 inputs  {"normal": 26}  1s
ti_crossany_start                1 inputs  {"normal": 1}  0s
ti_crossover                    20 inputs  {"normal": 20}  1s
ti_crossover_start               1 inputs  {"normal": 1}  0s
ti_cvi                          23 inputs  {"normal": 23}  1s
ti_cvi_start                    14 inputs  {"normal": 14}  0s
ti_decay                        24 inputs  {"ub-gated": 7, "normal": 17}  1s
ti_decay_start                   1 inputs  {"normal": 1}  0s
ti_dema                         27 inputs  {"normal": 26, "nan_equivalent": 1}  1s
ti_dema_start                   14 inputs  {"normal": 14}  0s
ti_di                           26 inputs  {"normal": 26}  1s
ti_di_start                     14 inputs  {"normal": 14}  0s
ti_div                          20 inputs  {"normal": 20}  1s
ti_div_start                     1 inputs  {"normal": 1}  0s
ti_dm                           28 inputs  {"normal": 28}  1s
ti_dm_start                     14 inputs  {"normal": 14}  0s
ti_dpo                          26 inputs  {"normal": 23, "ub-gated": 1, "signal": 2}  1s
ti_dpo_start                    14 inputs  {"normal": 14}  0s
ti_dx                           25 inputs  {"normal": 25}  1s
ti_dx_start                     14 inputs  {"normal": 14}  0s
ti_edecay                       23 inputs  {"normal": 20, "ub-gated": 3}  1s
ti_edecay_start                  1 inputs  {"normal": 1}  0s
ti_ema                          28 inputs  {"normal": 28}  1s
ti_ema_start                     1 inputs  {"normal": 1}  0s
ti_emv                          15 inputs  {"normal": 15}  0s
ti_emv_start                     1 inputs  {"normal": 1}  0s
ti_exp                          18 inputs  {"normal": 18}  1s
ti_exp_start                     1 inputs  {"normal": 1}  0s
ti_find_indicator               20 inputs  {"normal": 20}  1s
ti_fisher                       22 inputs  {"normal": 21, "nan_equivalent": 1}  1s
ti_fisher_start                 14 inputs  {"normal": 14}  0s
ti_floor                        19 inputs  {"normal": 19}  1s
ti_floor_start                   1 inputs  {"normal": 1}  0s
ti_fosc                         27 inputs  {"normal": 26, "ub-gated": 1}  1s
ti_fosc_start                   14 inputs  {"normal": 14}  0s
ti_hma                          26 inputs  {"normal": 25, "nan_equivalent": 1}  1s
ti_hma_start                    14 inputs  {"normal": 14}  0s
ti_kama                         26 inputs  {"normal": 22, "nan_equivalent": 3, "ub-gated": 1}  1s
ti_kama_start                   14 inputs  {"normal": 14}  0s
ti_kvo                          37 inputs  {"normal": 28, "nan_equivalent": 8, "ub-gated": 1}  1s
ti_kvo_start                     1 inputs  {"normal": 1}  0s
ti_lag                          29 inputs  {"normal": 29}  1s
ti_lag_start                    14 inputs  {"normal": 14}  0s
ti_linreg                       25 inputs  {"normal": 18, "ub-gated": 1, "signal": 6}  1s
ti_linreg_start                 14 inputs  {"normal": 14}  0s
ti_linregintercept              24 inputs  {"normal": 17, "ub-gated": 1, "signal": 6}  1s
ti_linregintercept_start        14 inputs  {"normal": 14}  0s
ti_linregslope                  30 inputs  {"normal": 30}  1s
ti_linregslope_start            14 inputs  {"normal": 14}  0s
ti_ln                           15 inputs  {"normal": 15}  0s
ti_ln_start                      1 inputs  {"normal": 1}  0s
ti_log10                        17 inputs  {"normal": 17}  1s
ti_log10_start                   1 inputs  {"normal": 1}  0s
ti_macd                         27 inputs  {"normal": 25, "ub-gated": 2}  1s
ti_macd_start                   21 inputs  {"normal": 21}  1s
ti_marketfi                     15 inputs  {"normal": 15}  0s
ti_marketfi_start                1 inputs  {"normal": 1}  0s
ti_mass                         30 inputs  {"normal": 30}  1s
ti_mass_start                   14 inputs  {"normal": 14}  0s
ti_max                          25 inputs  {"ub-gated": 1, "normal": 24}  1s
ti_max_start                    14 inputs  {"normal": 14}  0s
ti_md                           30 inputs  {"normal": 30}  1s
ti_md_start                     14 inputs  {"normal": 14}  0s
ti_medprice                     15 inputs  {"normal": 15}  0s
ti_medprice_start                1 inputs  {"normal": 1}  0s
ti_mfi                          45 inputs  {"normal": 44, "ub-gated": 1}  1s
ti_mfi_start                    14 inputs  {"normal": 14}  0s
ti_min                          31 inputs  {"normal": 30, "ub-gated": 1}  1s
ti_min_start                    14 inputs  {"normal": 14}  0s
ti_mom                          29 inputs  {"normal": 28, "ub-gated": 1}  1s
ti_mom_start                    14 inputs  {"normal": 14}  0s
ti_msw                          32 inputs  {"normal": 32}  1s
ti_msw_start                    14 inputs  {"normal": 14}  0s
ti_mul                          14 inputs  {"normal": 14}  0s
ti_mul_start                     1 inputs  {"normal": 1}  0s
ti_natr                         27 inputs  {"normal": 27}  1s
ti_natr_start                   14 inputs  {"normal": 14}  0s
ti_nvi                          15 inputs  {"normal": 15}  0s
ti_nvi_start                     1 inputs  {"normal": 1}  0s
ti_obv                          18 inputs  {"normal": 18}  1s
ti_obv_start                     1 inputs  {"normal": 1}  0s
ti_ppo                          27 inputs  {"normal": 27}  1s
ti_ppo_start                     1 inputs  {"normal": 1}  0s
ti_psar                         27 inputs  {"normal": 27}  1s
ti_psar_start                    1 inputs  {"normal": 1}  0s
ti_pvi                          18 inputs  {"normal": 18}  1s
ti_pvi_start                     1 inputs  {"normal": 1}  0s
ti_qstick                       22 inputs  {"normal": 22}  1s
ti_qstick_start                 14 inputs  {"normal": 14}  0s
ti_roc                          29 inputs  {"normal": 29}  1s
ti_roc_start                    14 inputs  {"normal": 14}  0s
ti_rocr                         27 inputs  {"normal": 26, "ub-gated": 1}  1s
ti_rocr_start                   14 inputs  {"normal": 14}  0s
ti_round                        16 inputs  {"normal": 16}  1s
ti_round_start                   1 inputs  {"normal": 1}  0s
ti_rsi                          24 inputs  {"normal": 23, "ub-gated": 1}  1s
ti_rsi_start                    14 inputs  {"normal": 14}  0s
ti_sin                          19 inputs  {"normal": 19}  1s
ti_sin_start                     1 inputs  {"normal": 1}  0s
ti_sinh                         19 inputs  {"normal": 19}  1s
ti_sinh_start                    1 inputs  {"normal": 1}  0s
ti_sma                          28 inputs  {"normal": 28}  1s
ti_sma_start                    14 inputs  {"normal": 14}  0s
ti_sqrt                         18 inputs  {"normal": 18}  1s
ti_sqrt_start                    1 inputs  {"normal": 1}  0s
ti_stddev                       31 inputs  {"normal": 30, "ub-gated": 1}  1s
ti_stddev_start                 14 inputs  {"normal": 14}  0s
ti_stderr                       27 inputs  {"normal": 27}  1s
ti_stderr_start                 14 inputs  {"normal": 14}  0s
ti_stoch                        21 inputs  {"normal": 21}  1s
ti_stoch_start                  28 inputs  {"normal": 28}  1s
ti_stochrsi                     47 inputs  {"normal": 47}  2s
ti_stochrsi_start               14 inputs  {"normal": 14}  0s
ti_sub                          14 inputs  {"normal": 14}  0s
ti_sub_start                     1 inputs  {"normal": 1}  0s
ti_sum                          33 inputs  {"normal": 32, "ub-gated": 1}  1s
ti_sum_start                    14 inputs  {"normal": 14}  0s
ti_tan                          18 inputs  {"normal": 18}  1s
ti_tan_start                     1 inputs  {"normal": 1}  0s
ti_tanh                         18 inputs  {"normal": 18}  1s
ti_tanh_start                    1 inputs  {"normal": 1}  0s
ti_tema                         30 inputs  {"normal": 29, "nan_equivalent": 1}  1s
ti_tema_start                   14 inputs  {"normal": 14}  0s
ti_todeg                        19 inputs  {"normal": 19}  1s
ti_todeg_start                   1 inputs  {"normal": 1}  0s
ti_torad                        19 inputs  {"normal": 19}  1s
ti_torad_start                   1 inputs  {"normal": 1}  0s
ti_tr                           14 inputs  {"normal": 14}  0s
ti_tr_start                      1 inputs  {"normal": 1}  0s
ti_trima                        25 inputs  {"normal": 24, "ub-gated": 1}  1s
ti_trima_start                  14 inputs  {"normal": 14}  0s
ti_trix                         26 inputs  {"normal": 26}  1s
ti_trix_start                   14 inputs  {"normal": 14}  0s
ti_trunc                        17 inputs  {"normal": 17}  1s
ti_trunc_start                   1 inputs  {"normal": 1}  0s
ti_tsf                          28 inputs  {"normal": 27, "ub-gated": 1}  1s
ti_tsf_start                    14 inputs  {"normal": 14}  0s
ti_typprice                     14 inputs  {"normal": 14}  0s
ti_typprice_start                1 inputs  {"normal": 1}  0s
ti_ultosc                       24 inputs  {"normal": 23, "ub-gated": 1}  1s
ti_ultosc_start                 28 inputs  {"normal": 28}  1s
ti_var                          30 inputs  {"normal": 29, "ub-gated": 1}  1s
ti_var_start                    14 inputs  {"normal": 14}  0s
ti_version                       1 inputs  {"normal": 1}  0s
ti_vhf                          28 inputs  {"normal": 27, "ub-gated": 1}  1s
ti_vhf_start                    14 inputs  {"normal": 14}  0s
ti_vidya                        26 inputs  {"normal": 26}  1s
ti_vidya_start                  21 inputs  {"normal": 21}  1s
ti_volatility                   26 inputs  {"normal": 26}  1s
ti_volatility_start             14 inputs  {"normal": 14}  0s
ti_vosc                         24 inputs  {"normal": 23, "ub-gated": 1}  1s
ti_vosc_start                   21 inputs  {"normal": 21}  1s
ti_vwma                         24 inputs  {"normal": 24}  1s
ti_vwma_start                   14 inputs  {"normal": 14}  0s
ti_wad                          15 inputs  {"normal": 15}  0s
ti_wad_start                     1 inputs  {"normal": 1}  0s
ti_wcprice                      14 inputs  {"normal": 14}  0s
ti_wcprice_start                 1 inputs  {"normal": 1}  0s
ti_wilders                      31 inputs  {"normal": 30, "ub-gated": 1}  1s
ti_wilders_start                14 inputs  {"normal": 14}  0s
ti_willr                        27 inputs  {"normal": 27}  1s
ti_willr_start                  14 inputs  {"normal": 14}  0s
ti_wma                          25 inputs  {"normal": 24, "ub-gated": 1}  1s
ti_wma_start                    14 inputs  {"normal": 14}  0s
ti_zlema                        30 inputs  {"normal": 28, "signal": 2}  1s
ti_zlema_start                  14 inputs  {"normal": 14}  0s

TOTAL {"normal": 3278, "ub-gated": 41, "nan_equivalent": 16, "signal": 16}
REPLAY_DONE
