OK  Adam7_deinterlace              inputs= 5
OK  Adam7_getpassvalues            inputs= 8
OK  Adam7_interlace                inputs= 5
FAIL HuffmanTree_cleanup            inputs= 0
       - signature: struct-invariant param tree: HuffmanTree has pointer field 'codes' (needs invariant reconstruction); no producer for HuffmanTree*: no function returns it
FAIL HuffmanTree_init               inputs= 0
       - signature: struct-invariant param tree: HuffmanTree has pointer field 'codes' (needs invariant reconstruction); no producer for HuffmanTree*: no function returns it
FAIL HuffmanTree_makeFromFrequencies inputs= 4
       - signature: struct-invariant param tree: HuffmanTree has pointer field 'codes' (needs invariant reconstruction); no producer for HuffmanTree*: no function returns it
FAIL HuffmanTree_makeFromLengths    inputs= 3
       - signature: struct-invariant param tree: HuffmanTree has pointer field 'codes' (needs invariant reconstruction); no producer for HuffmanTree*: no function returns it
FAIL HuffmanTree_makeFromLengths2   inputs= 0
       - signature: struct-invariant param tree: HuffmanTree has pointer field 'codes' (needs invariant reconstruction); no producer for HuffmanTree*: no function returns it
FAIL HuffmanTree_makeTable          inputs= 0
       - signature: struct-invariant param tree: HuffmanTree has pointer field 'codes' (needs invariant reconstruction); no producer for HuffmanTree*: no function returns it
FAIL LodePNGBitReader_init          inputs= 2
       - signature: struct-invariant param reader: LodePNGBitReader has pointer field 'data' (needs invariant reconstruction); no producer for LodePNGBitReader*: no function returns it
FAIL LodePNGBitWriter_init          inputs= 0
       - signature: struct-invariant param writer: LodePNGBitWriter has pointer field 'data' (needs invariant reconstruction); no producer for LodePNGBitWriter*: no function returns it
       - signature: struct-invariant param data: ucvector has pointer field 'data' (needs invariant reconstruction); no producer for ucvector*: no function returns it
FAIL LodePNGIText_cleanup           inputs= 0
       - signature: struct-invariant param info: LodePNGInfo has nested struct field 'color' (needs invariant reconstruction); no producer for LodePNGInfo*: no function returns it
FAIL LodePNGIText_copy              inputs= 0
       - signature: struct-invariant param dest: LodePNGInfo has nested struct field 'color' (needs invariant reconstruction); no producer for LodePNGInfo*: no function returns it
       - signature: struct-invariant param source: LodePNGInfo has nested struct field 'color' (needs invariant reconstruction); no producer for LodePNGInfo*: no function returns it
FAIL LodePNGIText_init              inputs= 0
       - signature: struct-invariant param info: LodePNGInfo has nested struct field 'color' (needs invariant reconstruction); no producer for LodePNGInfo*: no function returns it
FAIL LodePNGText_cleanup            inputs= 0
       - signature: struct-invariant param info: LodePNGInfo has nested struct field 'color' (needs invariant reconstruction); no producer for LodePNGInfo*: no function returns it
FAIL LodePNGText_copy               inputs= 0
       - signature: struct-invariant param dest: LodePNGInfo has nested struct field 'color' (needs invariant reconstruction); no producer for LodePNGInfo*: no function returns it
       - signature: struct-invariant param source: LodePNGInfo has nested struct field 'color' (needs invariant reconstruction); no producer for LodePNGInfo*: no function returns it
FAIL LodePNGText_init               inputs= 0
       - signature: struct-invariant param info: LodePNGInfo has nested struct field 'color' (needs invariant reconstruction); no producer for LodePNGInfo*: no function returns it
FAIL LodePNGUnknownChunks_cleanup   inputs= 0
       - signature: struct-invariant param info: LodePNGInfo has nested struct field 'color' (needs invariant reconstruction); no producer for LodePNGInfo*: no function returns it
FAIL LodePNGUnknownChunks_copy      inputs= 0
       - signature: struct-invariant param dest: LodePNGInfo has nested struct field 'color' (needs invariant reconstruction); no producer for LodePNGInfo*: no function returns it
       - signature: struct-invariant param src: LodePNGInfo has nested struct field 'color' (needs invariant reconstruction); no producer for LodePNGInfo*: no function returns it
FAIL LodePNGUnknownChunks_init      inputs= 0
       - signature: struct-invariant param info: LodePNGInfo has nested struct field 'color' (needs invariant reconstruction); no producer for LodePNGInfo*: no function returns it
FAIL addChunk_IDAT                  inputs= 2
       - signature: struct-invariant param out: ucvector has pointer field 'data' (needs invariant reconstruction); no producer for ucvector*: no function returns it
       - signature: struct-invariant param zlibsettings: LodePNGCompressSettings has pointer field 'custom_zlib' (needs invariant reconstruction); no producer for LodePNGCompressSettings*: no function returns it
FAIL addChunk_IEND                  inputs= 0
       - signature: struct-invariant param out: ucvector has pointer field 'data' (needs invariant reconstruction); no producer for ucvector*: no function returns it
FAIL addChunk_IHDR                  inputs= 5
       - signature: struct-invariant param out: ucvector has pointer field 'data' (needs invariant reconstruction); no producer for ucvector*: no function returns it
FAIL addChunk_PLTE                  inputs= 0
       - signature: struct-invariant param out: ucvector has pointer field 'data' (needs invariant reconstruction); no producer for ucvector*: no function returns it
       - signature: struct-invariant param info: LodePNGColorMode has pointer field 'palette' (needs invariant reconstruction); no producer for LodePNGColorMode*: no function returns it
FAIL addChunk_bKGD                  inputs= 0
       - signature: struct-invariant param out: ucvector has pointer field 'data' (needs invariant reconstruction); no producer for ucvector*: no function returns it
       - signature: struct-invariant param info: LodePNGInfo has nested struct field 'color' (needs invariant reconstruction); no producer for LodePNGInfo*: no function returns it
FAIL addChunk_cHRM                  inputs= 0
       - signature: struct-invariant param out: ucvector has pointer field 'data' (needs invariant reconstruction); no producer for ucvector*: no function returns it
       - signature: struct-invariant param info: LodePNGInfo has nested struct field 'color' (needs invariant reconstruction); no producer for LodePNGInfo*: no function returns it
FAIL addChunk_gAMA                  inputs= 0
       - signature: struct-invariant param out: ucvector has pointer field 'data' (needs invariant reconstruction); no producer for ucvector*: no function returns it
       - signature: struct-invariant param info: LodePNGInfo has nested struct field 'color' (needs invariant reconstruction); no producer for LodePNGInfo*: no function returns it
FAIL addChunk_iCCP                  inputs= 0
       - signature: struct-invariant param out: ucvector has pointer field 'data' (needs invariant reconstruction); no producer for ucvector*: no function returns it
       - signature: struct-invariant param info: LodePNGInfo has nested struct field 'color' (needs invariant reconstruction); no producer for LodePNGInfo*: no function returns it
       - signature: struct-invariant param zlibsettings: LodePNGCompressSettings has pointer field 'custom_zlib' (needs invariant reconstruction); no producer for LodePNGCompressSettings*: no function returns it
FAIL addChunk_iTXt                  inputs= 5
       - signature: struct-invariant param out: ucvector has pointer field 'data' (needs invariant reconstruction); no producer for ucvector*: no function returns it
       - signature: struct-invariant param zlibsettings: LodePNGCompressSettings has pointer field 'custom_zlib' (needs invariant reconstruction); no producer for LodePNGCompressSettings*: no function returns it
FAIL addChunk_pHYs                  inputs= 0
       - signature: struct-invariant param out: ucvector has pointer field 'data' (needs invariant reconstruction); no producer for ucvector*: no function returns it
       - signature: struct-invariant param info: LodePNGInfo has nested struct field 'color' (needs invariant reconstruction); no producer for LodePNGInfo*: no function returns it
FAIL addChunk_sBIT                  inputs= 0
       - signature: struct-invariant param out: ucvector has pointer field 'data' (needs invariant reconstruction); no producer for ucvector*: no function returns it
       - signature: struct-invariant param info: LodePNGInfo has nested struct field 'color' (needs invariant reconstruction); no producer for LodePNGInfo*: no function returns it
FAIL addChunk_sRGB                  inputs= 0
       - signature: struct-invariant param out: ucvector has pointer field 'data' (needs invariant reconstruction); no producer for ucvector*: no function returns it
       - signature: struct-invariant param info: LodePNGInfo has nested struct field 'color' (needs invariant reconstruction); no producer for LodePNGInfo*: no function returns it
FAIL addChunk_tEXt                  inputs= 2
       - signature: struct-invariant param out: ucvector has pointer field 'data' (needs invariant reconstruction); no producer for ucvector*: no function returns it
FAIL addChunk_tIME                  inputs= 1
       - signature: struct-invariant param out: ucvector has pointer field 'data' (needs invariant reconstruction); no producer for ucvector*: no function returns it
FAIL addChunk_tRNS                  inputs= 0
       - signature: struct-invariant param out: ucvector has pointer field 'data' (needs invariant reconstruction); no producer for ucvector*: no function returns it
       - signature: struct-invariant param info: LodePNGColorMode has pointer field 'palette' (needs invariant reconstruction); no producer for LodePNGColorMode*: no function returns it
FAIL addChunk_zTXt                  inputs= 2
       - signature: struct-invariant param out: ucvector has pointer field 'data' (needs invariant reconstruction); no producer for ucvector*: no function returns it
       - signature: struct-invariant param zlibsettings: LodePNGCompressSettings has pointer field 'custom_zlib' (needs invariant reconstruction); no producer for LodePNGCompressSettings*: no function returns it
OK  addColorBits                   inputs= 4
FAIL addLengthDistance              inputs= 2
       - signature: struct-invariant param values: uivector has pointer field 'data' (needs invariant reconstruction); no producer for uivector*: no function returns it
OK  addPaddingBits                 inputs= 5
FAIL addUnknownChunks               inputs= 2
       - signature: struct-invariant param out: ucvector has pointer field 'data' (needs invariant reconstruction); no producer for ucvector*: no function returns it
OK  adler32                        inputs= 2
FAIL advanceBits                    inputs= 1
       - signature: struct-invariant param reader: LodePNGBitReader has pointer field 'data' (needs invariant reconstruction); no producer for LodePNGBitReader*: no function returns it
OK  alloc_string                   inputs= 1
OK  alloc_string_sized             inputs= 2
FAIL auto_choose_color              inputs= 1
       - signature: struct-invariant param mode_out: LodePNGColorMode has pointer field 'palette' (needs invariant reconstruction); no producer for LodePNGColorMode*: no function returns it
       - signature: struct-invariant param mode_in: LodePNGColorMode has pointer field 'palette' (needs invariant reconstruction); no producer for LodePNGColorMode*: no function returns it
FAIL boundaryPM                     inputs= 3
       - signature: struct-invariant param lists: BPMLists has pointer field 'memory' (needs invariant reconstruction); no producer for BPMLists*: no function returns it
       - signature: struct-invariant param leaves: BPMNode has pointer field 'tail' (needs invariant reconstruction); no producer for BPMNode*: bpmnode_create: takes a struct-with-pointers itself (pilot is depth 1)
FAIL bpmnode_create                 inputs= 2
       - signature: struct-invariant param lists: BPMLists has pointer field 'memory' (needs invariant reconstruction); no producer for BPMLists*: no function returns it
       - signature: struct-invariant param tail: BPMNode has pointer field 'tail' (needs invariant reconstruction); no producer for BPMNode*: no function returns it
FAIL bpmnode_sort                   inputs= 1
       - signature: struct-invariant param leaves: BPMNode has pointer field 'tail' (needs invariant reconstruction); no producer for BPMNode*: bpmnode_create: takes a struct-with-pointers itself (pilot is depth 1)
OK  checkColorValidity             inputs= 2
FAIL color_tree_add                 inputs= 5
       - signature: struct-invariant param tree: ColorTree has unsupported field 'children' (array) (needs invariant reconstruction); no producer for ColorTree*: no function returns it
FAIL color_tree_cleanup             inputs= 0
       - signature: struct-invariant param tree: ColorTree has unsupported field 'children' (array) (needs invariant reconstruction); no producer for ColorTree*: no function returns it
FAIL color_tree_get                 inputs= 4
       - signature: struct-invariant param tree: ColorTree has unsupported field 'children' (array) (needs invariant reconstruction); no producer for ColorTree*: no function returns it
FAIL color_tree_has                 inputs= 4
       - signature: struct-invariant param tree: ColorTree has unsupported field 'children' (array) (needs invariant reconstruction); no producer for ColorTree*: no function returns it
FAIL color_tree_init                inputs= 0
       - signature: struct-invariant param tree: ColorTree has unsupported field 'children' (array) (needs invariant reconstruction); no producer for ColorTree*: no function returns it
OK  countZeros                     inputs= 3
FAIL decodeGeneric                  inputs= 4
       - out: T** is not a constructible input here -- it is dereferenced and written rather than indexed, so it is an OUT pointer whose value is an interior pointer into another argument, not a table of strings
       - signature: struct-invariant param state: LodePNGState has nested struct field 'decoder' (needs invariant reconstruction); no producer for LodePNGState*: no function returns it
FAIL deflate                        inputs= 3
       - out: T** is not a constructible input here -- it is dereferenced and written rather than indexed, so it is an OUT pointer whose value is an interior pointer into another argument, not a table of strings
       - signature: struct-invariant param settings: LodePNGCompressSettings has pointer field 'custom_zlib' (needs invariant reconstruction); no producer for LodePNGCompressSettings*: no function returns it
FAIL deflateDynamic                 inputs= 4
       - signature: struct-invariant param writer: LodePNGBitWriter has pointer field 'data' (needs invariant reconstruction); no producer for LodePNGBitWriter*: no function returns it
       - signature: struct-invariant param hash: Hash has pointer field 'head' (needs invariant reconstruction); no producer for Hash*: no function returns it
       - signature: struct-invariant param settings: LodePNGCompressSettings has pointer field 'custom_zlib' (needs invariant reconstruction); no producer for LodePNGCompressSettings*: no function returns it
FAIL deflateFixed                   inputs= 4
       - signature: struct-invariant param writer: LodePNGBitWriter has pointer field 'data' (needs invariant reconstruction); no producer for LodePNGBitWriter*: no function returns it
       - signature: struct-invariant param hash: Hash has pointer field 'head' (needs invariant reconstruction); no producer for Hash*: no function returns it
       - signature: struct-invariant param settings: LodePNGCompressSettings has pointer field 'custom_zlib' (needs invariant reconstruction); no producer for LodePNGCompressSettings*: no function returns it
FAIL deflateNoCompression           inputs= 2
       - signature: struct-invariant param out: ucvector has pointer field 'data' (needs invariant reconstruction); no producer for ucvector*: no function returns it
FAIL encodeLZ77                     inputs= 7
       - signature: struct-invariant param out: uivector has pointer field 'data' (needs invariant reconstruction); no producer for uivector*: no function returns it
       - signature: struct-invariant param hash: Hash has pointer field 'head' (needs invariant reconstruction); no producer for Hash*: no function returns it
FAIL ensureBits17                   inputs= 1
       - signature: struct-invariant param reader: LodePNGBitReader has pointer field 'data' (needs invariant reconstruction); no producer for LodePNGBitReader*: no function returns it
FAIL ensureBits25                   inputs= 1
       - signature: struct-invariant param reader: LodePNGBitReader has pointer field 'data' (needs invariant reconstruction); no producer for LodePNGBitReader*: no function returns it
FAIL ensureBits32                   inputs= 1
       - signature: struct-invariant param reader: LodePNGBitReader has pointer field 'data' (needs invariant reconstruction); no producer for LodePNGBitReader*: no function returns it
FAIL ensureBits9                    inputs= 1
       - signature: struct-invariant param reader: LodePNGBitReader has pointer field 'data' (needs invariant reconstruction); no producer for LodePNGBitReader*: no function returns it
FAIL filter                         inputs= 4
       - signature: struct-invariant param color: LodePNGColorMode has pointer field 'palette' (needs invariant reconstruction); no producer for LodePNGColorMode*: no function returns it
       - signature: struct-invariant param settings: LodePNGEncoderSettings has nested struct field 'zlibsettings' (needs invariant reconstruction); no producer for LodePNGEncoderSettings*: no function returns it
OK  filterScanline                 inputs= 6
FAIL generateFixedDistanceTree      inputs= 0
       - signature: struct-invariant param tree: HuffmanTree has pointer field 'codes' (needs invariant reconstruction); no producer for HuffmanTree*: no function returns it
FAIL generateFixedLitLenTree        inputs= 0
       - signature: struct-invariant param tree: HuffmanTree has pointer field 'codes' (needs invariant reconstruction); no producer for HuffmanTree*: no function returns it
OK  getHash                        inputs= 3
OK  getNumColorChannels            inputs= 1
FAIL getPixelColorRGBA16            inputs= 6
       - signature: struct-invariant param mode: LodePNGColorMode has pointer field 'palette' (needs invariant reconstruction); no producer for LodePNGColorMode*: no function returns it
FAIL getPixelColorRGBA8             inputs= 6
       - signature: struct-invariant param mode: LodePNGColorMode has pointer field 'palette' (needs invariant reconstruction); no producer for LodePNGColorMode*: no function returns it
FAIL getPixelColorsRGB8             inputs= 3
       - signature: struct-invariant param mode: LodePNGColorMode has pointer field 'palette' (needs invariant reconstruction); no producer for LodePNGColorMode*: no function returns it
FAIL getPixelColorsRGBA8            inputs= 3
       - signature: struct-invariant param mode: LodePNGColorMode has pointer field 'palette' (needs invariant reconstruction); no producer for LodePNGColorMode*: no function returns it
FAIL getTreeInflateDynamic          inputs= 0
       - signature: struct-invariant param tree_ll: HuffmanTree has pointer field 'codes' (needs invariant reconstruction); no producer for HuffmanTree*: no function returns it
       - signature: struct-invariant param tree_d: HuffmanTree has pointer field 'codes' (needs invariant reconstruction); no producer for HuffmanTree*: no function returns it
       - signature: struct-invariant param reader: LodePNGBitReader has pointer field 'data' (needs invariant reconstruction); no producer for LodePNGBitReader*: no function returns it
FAIL getTreeInflateFixed            inputs= 0
       - signature: struct-invariant param tree_ll: HuffmanTree has pointer field 'codes' (needs invariant reconstruction); no producer for HuffmanTree*: no function returns it
       - signature: struct-invariant param tree_d: HuffmanTree has pointer field 'codes' (needs invariant reconstruction); no producer for HuffmanTree*: no function returns it
OK  getValueRequiredBits           inputs= 1
FAIL hash_cleanup                   inputs= 0
       - signature: struct-invariant param hash: Hash has pointer field 'head' (needs invariant reconstruction); no producer for Hash*: no function returns it
FAIL hash_init                      inputs= 1
       - signature: struct-invariant param hash: Hash has pointer field 'head' (needs invariant reconstruction); no producer for Hash*: no function returns it
FAIL huffmanDecodeSymbol            inputs= 0
       - signature: struct-invariant param reader: LodePNGBitReader has pointer field 'data' (needs invariant reconstruction); no producer for LodePNGBitReader*: no function returns it
       - signature: struct-invariant param codetree: HuffmanTree has pointer field 'codes' (needs invariant reconstruction); no producer for HuffmanTree*: no function returns it
OK  ilog2                          inputs= 1
OK  ilog2i                         inputs= 1
FAIL inflateHuffmanBlock            inputs= 2
       - signature: struct-invariant param out: ucvector has pointer field 'data' (needs invariant reconstruction); no producer for ucvector*: no function returns it
       - signature: struct-invariant param reader: LodePNGBitReader has pointer field 'data' (needs invariant reconstruction); no producer for LodePNGBitReader*: no function returns it
FAIL inflateNoCompression           inputs= 0
       - signature: struct-invariant param out: ucvector has pointer field 'data' (needs invariant reconstruction); no producer for ucvector*: no function returns it
       - signature: struct-invariant param reader: LodePNGBitReader has pointer field 'data' (needs invariant reconstruction); no producer for LodePNGBitReader*: no function returns it
       - signature: struct-invariant param settings: LodePNGDecompressSettings has pointer field 'custom_zlib' (needs invariant reconstruction); no producer for LodePNGDecompressSettings*: no function returns it
FAIL inflatev                       inputs= 2
       - signature: struct-invariant param out: ucvector has pointer field 'data' (needs invariant reconstruction); no producer for ucvector*: no function returns it
       - signature: struct-invariant param settings: LodePNGDecompressSettings has pointer field 'custom_zlib' (needs invariant reconstruction); no producer for LodePNGDecompressSettings*: no function returns it
OK  isGrayICCProfile               inputs= 2
OK  isRGBICCProfile                inputs= 2
FAIL lodepng_add_itext              inputs= 4
       - signature: struct-invariant param info: LodePNGInfo has nested struct field 'color' (needs invariant reconstruction); no producer for LodePNGInfo*: no function returns it
FAIL lodepng_add_itext_sized        inputs= 5
       - signature: struct-invariant param info: LodePNGInfo has nested struct field 'color' (needs invariant reconstruction); no producer for LodePNGInfo*: no function returns it
FAIL lodepng_add_text               inputs= 2
       - signature: struct-invariant param info: LodePNGInfo has nested struct field 'color' (needs invariant reconstruction); no producer for LodePNGInfo*: no function returns it
FAIL lodepng_add_text_sized         inputs= 3
       - signature: struct-invariant param info: LodePNGInfo has nested struct field 'color' (needs invariant reconstruction); no producer for LodePNGInfo*: no function returns it
OK  lodepng_addofl                 inputs= 3
FAIL lodepng_assign_icc             inputs= 3
       - signature: struct-invariant param info: LodePNGInfo has nested struct field 'color' (needs invariant reconstruction); no producer for LodePNGInfo*: no function returns it
FAIL lodepng_buffer_file            inputs= 3
       - filename: environment input -- it flows into fopen(), whose effect the harness cannot undo. What the boundary consumes is external state, not this value; needs an environment adapter
FAIL lodepng_can_have_alpha         inputs= 0
       - signature: struct-invariant param info: LodePNGColorMode has pointer field 'palette' (needs invariant reconstruction); no producer for LodePNGColorMode*: no function returns it
OK  lodepng_chunk_ancillary        inputs= 1
FAIL lodepng_chunk_append           inputs= 2
       - out: T** is not a constructible input here -- it is dereferenced and written rather than indexed, so it is an OUT pointer whose value is an interior pointer into another argument, not a table of strings
OK  lodepng_chunk_check_crc        inputs= 1
FAIL lodepng_chunk_create           inputs= 4
       - out: T** is not a constructible input here -- it is dereferenced and written rather than indexed, so it is an OUT pointer whose value is an interior pointer into another argument, not a table of strings
FAIL lodepng_chunk_createv          inputs= 3
       - signature: struct-invariant param out: ucvector has pointer field 'data' (needs invariant reconstruction); no producer for ucvector*: no function returns it
OK  lodepng_chunk_data             inputs= 1
OK  lodepng_chunk_data_const       inputs= 1
OK  lodepng_chunk_find             inputs= 3
OK  lodepng_chunk_find_const       inputs= 3
OK  lodepng_chunk_generate_crc     inputs= 1
FAIL lodepng_chunk_init             inputs= 2
       - chunk: T** is not a constructible input here -- it is dereferenced and written rather than indexed, so it is an OUT pointer whose value is an interior pointer into another argument, not a table of strings
       - signature: struct-invariant param out: ucvector has pointer field 'data' (needs invariant reconstruction); no producer for ucvector*: no function returns it
OK  lodepng_chunk_length           inputs= 1
OK  lodepng_chunk_next             inputs= 2
OK  lodepng_chunk_next_const       inputs= 2
OK  lodepng_chunk_private          inputs= 1
OK  lodepng_chunk_safetocopy       inputs= 1
OK  lodepng_chunk_type             inputs= 2
OK  lodepng_chunk_type_equals      inputs= 2
FAIL lodepng_clear_icc              inputs= 0
       - signature: struct-invariant param info: LodePNGInfo has nested struct field 'color' (needs invariant reconstruction); no producer for LodePNGInfo*: no function returns it
FAIL lodepng_clear_itext            inputs= 0
       - signature: struct-invariant param info: LodePNGInfo has nested struct field 'color' (needs invariant reconstruction); no producer for LodePNGInfo*: no function returns it
FAIL lodepng_clear_text             inputs= 0
       - signature: struct-invariant param info: LodePNGInfo has nested struct field 'color' (needs invariant reconstruction); no producer for LodePNGInfo*: no function returns it
FAIL lodepng_color_mode_alloc_palette inputs= 0
       - signature: struct-invariant param info: LodePNGColorMode has pointer field 'palette' (needs invariant reconstruction); no producer for LodePNGColorMode*: no function returns it
FAIL lodepng_color_mode_cleanup     inputs= 0
       - signature: struct-invariant param info: LodePNGColorMode has pointer field 'palette' (needs invariant reconstruction); no producer for LodePNGColorMode*: no function returns it
FAIL lodepng_color_mode_copy        inputs= 0
       - signature: struct-invariant param dest: LodePNGColorMode has pointer field 'palette' (needs invariant reconstruction); no producer for LodePNGColorMode*: no function returns it
       - signature: struct-invariant param source: LodePNGColorMode has pointer field 'palette' (needs invariant reconstruction); no producer for LodePNGColorMode*: no function returns it
FAIL lodepng_color_mode_equal       inputs= 0
       - signature: struct-invariant param a: LodePNGColorMode has pointer field 'palette' (needs invariant reconstruction); no producer for LodePNGColorMode*: no function returns it
       - signature: struct-invariant param b: LodePNGColorMode has pointer field 'palette' (needs invariant reconstruction); no producer for LodePNGColorMode*: no function returns it
FAIL lodepng_color_mode_init        inputs= 0
       - signature: struct-invariant param info: LodePNGColorMode has pointer field 'palette' (needs invariant reconstruction); no producer for LodePNGColorMode*: no function returns it
OK  lodepng_color_mode_make        inputs= 2
OK  lodepng_color_stats_add        inputs= 5
OK  lodepng_color_stats_init       inputs= 1
FAIL lodepng_compress_settings_init inputs= 0
       - signature: struct-invariant param settings: LodePNGCompressSettings has pointer field 'custom_zlib' (needs invariant reconstruction); no producer for LodePNGCompressSettings*: no function returns it
FAIL lodepng_compute_color_stats    inputs= 4
       - signature: struct-invariant param mode_in: LodePNGColorMode has pointer field 'palette' (needs invariant reconstruction); no producer for LodePNGColorMode*: no function returns it
FAIL lodepng_convert                inputs= 4
       - signature: struct-invariant param mode_out: LodePNGColorMode has pointer field 'palette' (needs invariant reconstruction); no producer for LodePNGColorMode*: no function returns it
       - signature: struct-invariant param mode_in: LodePNGColorMode has pointer field 'palette' (needs invariant reconstruction); no producer for LodePNGColorMode*: no function returns it
FAIL lodepng_convert_rgb            inputs= 6
       - signature: struct-invariant param mode_out: LodePNGColorMode has pointer field 'palette' (needs invariant reconstruction); no producer for LodePNGColorMode*: no function returns it
       - signature: struct-invariant param mode_in: LodePNGColorMode has pointer field 'palette' (needs invariant reconstruction); no producer for LodePNGColorMode*: no function returns it
OK  lodepng_crc32                  inputs= 2
FAIL lodepng_decode                 inputs= 4
       - out: T** is not a constructible input here -- it is dereferenced and written rather than indexed, so it is an OUT pointer whose value is an interior pointer into another argument, not a table of strings
       - signature: struct-invariant param state: LodePNGState has nested struct field 'decoder' (needs invariant reconstruction); no producer for LodePNGState*: no function returns it
FAIL lodepng_decode24               inputs= 4
       - out: T** is not a constructible input here -- it is dereferenced and written rather than indexed, so it is an OUT pointer whose value is an interior pointer into another argument, not a table of strings
FAIL lodepng_decode24_file          inputs= 3
       - out: environment input -- it flows into lodepng_decode_file(), whose effect the harness cannot undo. What the boundary consumes is external state, not this value; needs an environment adapter
       - out: T** is not a constructible input here -- it is dereferenced and written rather than indexed, so it is an OUT pointer whose value is an interior pointer into another argument, not a table of strings
       - w: environment input -- it flows into lodepng_decode_file(), whose effect the harness cannot undo. What the boundary consumes is external state, not this value; needs an environment adapter
       - h: environment input -- it flows into lodepng_decode_file(), whose effect the harness cannot undo. What the boundary consumes is external state, not this value; needs an environment adapter
       - filename: environment input -- it flows into lodepng_buffer_file(), whose effect the harness cannot undo. What the boundary consumes is external state, not this value; needs an environment adapter
FAIL lodepng_decode32               inputs= 4
       - out: T** is not a constructible input here -- it is dereferenced and written rather than indexed, so it is an OUT pointer whose value is an interior pointer into another argument, not a table of strings
FAIL lodepng_decode32_file          inputs= 3
       - out: environment input -- it flows into lodepng_decode_file(), whose effect the harness cannot undo. What the boundary consumes is external state, not this value; needs an environment adapter
       - out: T** is not a constructible input here -- it is dereferenced and written rather than indexed, so it is an OUT pointer whose value is an interior pointer into another argument, not a table of strings
       - w: environment input -- it flows into lodepng_decode_file(), whose effect the harness cannot undo. What the boundary consumes is external state, not this value; needs an environment adapter
       - h: environment input -- it flows into lodepng_decode_file(), whose effect the harness cannot undo. What the boundary consumes is external state, not this value; needs an environment adapter
       - filename: environment input -- it flows into lodepng_buffer_file(), whose effect the harness cannot undo. What the boundary consumes is external state, not this value; needs an environment adapter
FAIL lodepng_decode_file            inputs= 5
       - out: T** is not a constructible input here -- it is dereferenced and written rather than indexed, so it is an OUT pointer whose value is an interior pointer into another argument, not a table of strings
       - filename: environment input -- it flows into fopen(), whose effect the harness cannot undo. What the boundary consumes is external state, not this value; needs an environment adapter
FAIL lodepng_decode_memory          inputs= 6
       - out: T** is not a constructible input here -- it is dereferenced and written rather than indexed, so it is an OUT pointer whose value is an interior pointer into another argument, not a table of strings
FAIL lodepng_decoder_settings_init  inputs= 0
       - signature: struct-invariant param settings: LodePNGDecoderSettings has nested struct field 'zlibsettings' (needs invariant reconstruction); no producer for LodePNGDecoderSettings*: no function returns it
FAIL lodepng_decompress_settings_init inputs= 0
       - signature: struct-invariant param settings: LodePNGDecompressSettings has pointer field 'custom_zlib' (needs invariant reconstruction); no producer for LodePNGDecompressSettings*: no function returns it
FAIL lodepng_deflate                inputs= 3
       - out: T** is not a constructible input here -- it is dereferenced and written rather than indexed, so it is an OUT pointer whose value is an interior pointer into another argument, not a table of strings
       - signature: struct-invariant param settings: LodePNGCompressSettings has pointer field 'custom_zlib' (needs invariant reconstruction); no producer for LodePNGCompressSettings*: no function returns it
FAIL lodepng_deflatev               inputs= 2
       - signature: struct-invariant param out: ucvector has pointer field 'data' (needs invariant reconstruction); no producer for ucvector*: no function returns it
       - signature: struct-invariant param settings: LodePNGCompressSettings has pointer field 'custom_zlib' (needs invariant reconstruction); no producer for LodePNGCompressSettings*: no function returns it
FAIL lodepng_encode                 inputs= 4
       - out: T** is not a constructible input here -- it is dereferenced and written rather than indexed, so it is an OUT pointer whose value is an interior pointer into another argument, not a table of strings
       - signature: struct-invariant param state: LodePNGState has nested struct field 'decoder' (needs invariant reconstruction); no producer for LodePNGState*: no function returns it
FAIL lodepng_encode24               inputs= 4
       - out: T** is not a constructible input here -- it is dereferenced and written rather than indexed, so it is an OUT pointer whose value is an interior pointer into another argument, not a table of strings
FAIL lodepng_encode24_file          inputs= 4
       - filename: environment input -- it flows into fopen(), whose effect the harness cannot undo. What the boundary consumes is external state, not this value; needs an environment adapter
       - image: environment input -- it flows into lodepng_encode_file(), whose effect the harness cannot undo. What the boundary consumes is external state, not this value; needs an environment adapter
       - w: environment input -- it flows into lodepng_encode_file(), whose effect the harness cannot undo. What the boundary consumes is external state, not this value; needs an environment adapter
       - h: environment input -- it flows into lodepng_encode_file(), whose effect the harness cannot undo. What the boundary consumes is external state, not this value; needs an environment adapter
FAIL lodepng_encode32               inputs= 4
       - out: T** is not a constructible input here -- it is dereferenced and written rather than indexed, so it is an OUT pointer whose value is an interior pointer into another argument, not a table of strings
FAIL lodepng_encode32_file          inputs= 4
       - filename: environment input -- it flows into fopen(), whose effect the harness cannot undo. What the boundary consumes is external state, not this value; needs an environment adapter
       - image: environment input -- it flows into lodepng_encode_file(), whose effect the harness cannot undo. What the boundary consumes is external state, not this value; needs an environment adapter
       - w: environment input -- it flows into lodepng_encode_file(), whose effect the harness cannot undo. What the boundary consumes is external state, not this value; needs an environment adapter
       - h: environment input -- it flows into lodepng_encode_file(), whose effect the harness cannot undo. What the boundary consumes is external state, not this value; needs an environment adapter
FAIL lodepng_encode_file            inputs= 6
       - filename: environment input -- it flows into fopen(), whose effect the harness cannot undo. What the boundary consumes is external state, not this value; needs an environment adapter
FAIL lodepng_encode_memory          inputs= 6
       - out: T** is not a constructible input here -- it is dereferenced and written rather than indexed, so it is an OUT pointer whose value is an interior pointer into another argument, not a table of strings
FAIL lodepng_encoder_settings_init  inputs= 0
       - signature: struct-invariant param settings: LodePNGEncoderSettings has nested struct field 'zlibsettings' (needs invariant reconstruction); no producer for LodePNGEncoderSettings*: no function returns it
OK  lodepng_error_text             inputs= 1
FAIL lodepng_filesize               inputs= 1
       - filename: environment input -- it flows into fopen(), whose effect the harness cannot undo. What the boundary consumes is external state, not this value; needs an environment adapter
OK  lodepng_free                   inputs= 1
FAIL lodepng_get_bpp                inputs= 0
       - signature: struct-invariant param info: LodePNGColorMode has pointer field 'palette' (needs invariant reconstruction); no producer for LodePNGColorMode*: no function returns it
OK  lodepng_get_bpp_lct            inputs= 2
FAIL lodepng_get_channels           inputs= 0
       - signature: struct-invariant param info: LodePNGColorMode has pointer field 'palette' (needs invariant reconstruction); no producer for LodePNGColorMode*: no function returns it
FAIL lodepng_get_raw_size           inputs= 2
       - signature: struct-invariant param color: LodePNGColorMode has pointer field 'palette' (needs invariant reconstruction); no producer for LodePNGColorMode*: no function returns it
OK  lodepng_get_raw_size_idat      inputs= 3
OK  lodepng_get_raw_size_lct       inputs= 4
OK  lodepng_gtofl                  inputs= 3
FAIL lodepng_has_palette_alpha      inputs= 0
       - signature: struct-invariant param info: LodePNGColorMode has pointer field 'palette' (needs invariant reconstruction); no producer for LodePNGColorMode*: no function returns it
OK  lodepng_huffman_code_lengths   inputs= 4
FAIL lodepng_inflate                inputs= 3
       - out: T** is not a constructible input here -- it is dereferenced and written rather than indexed, so it is an OUT pointer whose value is an interior pointer into another argument, not a table of strings
       - signature: struct-invariant param settings: LodePNGDecompressSettings has pointer field 'custom_zlib' (needs invariant reconstruction); no producer for LodePNGDecompressSettings*: no function returns it
FAIL lodepng_inflatev               inputs= 2
       - signature: struct-invariant param out: ucvector has pointer field 'data' (needs invariant reconstruction); no producer for ucvector*: no function returns it
       - signature: struct-invariant param settings: LodePNGDecompressSettings has pointer field 'custom_zlib' (needs invariant reconstruction); no producer for LodePNGDecompressSettings*: no function returns it
FAIL lodepng_info_cleanup           inputs= 0
       - signature: struct-invariant param info: LodePNGInfo has nested struct field 'color' (needs invariant reconstruction); no producer for LodePNGInfo*: no function returns it
FAIL lodepng_info_copy              inputs= 0
       - signature: struct-invariant param dest: LodePNGInfo has nested struct field 'color' (needs invariant reconstruction); no producer for LodePNGInfo*: no function returns it
       - signature: struct-invariant param source: LodePNGInfo has nested struct field 'color' (needs invariant reconstruction); no producer for LodePNGInfo*: no function returns it
FAIL lodepng_info_init              inputs= 0
       - signature: struct-invariant param info: LodePNGInfo has nested struct field 'color' (needs invariant reconstruction); no producer for LodePNGInfo*: no function returns it
FAIL lodepng_inspect                inputs= 4
       - signature: struct-invariant param state: LodePNGState has nested struct field 'decoder' (needs invariant reconstruction); no producer for LodePNGState*: no function returns it
FAIL lodepng_inspect_chunk          inputs= 3
       - signature: struct-invariant param state: LodePNGState has nested struct field 'decoder' (needs invariant reconstruction); no producer for LodePNGState*: no function returns it
FAIL lodepng_is_alpha_type          inputs= 0
       - signature: struct-invariant param info: LodePNGColorMode has pointer field 'palette' (needs invariant reconstruction); no producer for LodePNGColorMode*: no function returns it
FAIL lodepng_is_greyscale_type      inputs= 0
       - signature: struct-invariant param info: LodePNGColorMode has pointer field 'palette' (needs invariant reconstruction); no producer for LodePNGColorMode*: no function returns it
FAIL lodepng_is_palette_type        inputs= 0
       - signature: struct-invariant param info: LodePNGColorMode has pointer field 'palette' (needs invariant reconstruction); no producer for LodePNGColorMode*: no function returns it
FAIL lodepng_load_file              inputs= 2
       - out: T** is not a constructible input here -- it is dereferenced and written rather than indexed, so it is an OUT pointer whose value is an interior pointer into another argument, not a table of strings
       - filename: environment input -- it flows into fopen(), whose effect the harness cannot undo. What the boundary consumes is external state, not this value; needs an environment adapter
OK  lodepng_malloc                 inputs= 1
OK  lodepng_memcpy                 inputs= 3
OK  lodepng_memset                 inputs= 3
OK  lodepng_mulofl                 inputs= 3
FAIL lodepng_palette_add            inputs= 4
       - signature: struct-invariant param info: LodePNGColorMode has pointer field 'palette' (needs invariant reconstruction); no producer for LodePNGColorMode*: no function returns it
FAIL lodepng_palette_clear          inputs= 0
       - signature: struct-invariant param info: LodePNGColorMode has pointer field 'palette' (needs invariant reconstruction); no producer for LodePNGColorMode*: no function returns it
FAIL lodepng_pixel_overflow         inputs= 2
       - signature: struct-invariant param pngcolor: LodePNGColorMode has pointer field 'palette' (needs invariant reconstruction); no producer for LodePNGColorMode*: no function returns it
       - signature: struct-invariant param rawcolor: LodePNGColorMode has pointer field 'palette' (needs invariant reconstruction); no producer for LodePNGColorMode*: no function returns it
OK  lodepng_read32bitInt           inputs= 1
OK  lodepng_realloc                inputs= 2
FAIL lodepng_save_file              inputs= 3
       - filename: environment input -- it flows into fopen(), whose effect the harness cannot undo. What the boundary consumes is external state, not this value; needs an environment adapter
OK  lodepng_set32bitInt            inputs= 2
FAIL lodepng_set_icc                inputs= 3
       - signature: struct-invariant param info: LodePNGInfo has nested struct field 'color' (needs invariant reconstruction); no producer for LodePNGInfo*: no function returns it
FAIL lodepng_state_cleanup          inputs= 0
       - signature: struct-invariant param state: LodePNGState has nested struct field 'decoder' (needs invariant reconstruction); no producer for LodePNGState*: no function returns it
FAIL lodepng_state_copy             inputs= 0
       - signature: struct-invariant param dest: LodePNGState has nested struct field 'decoder' (needs invariant reconstruction); no producer for LodePNGState*: no function returns it
       - signature: struct-invariant param source: LodePNGState has nested struct field 'decoder' (needs invariant reconstruction); no producer for LodePNGState*: no function returns it
FAIL lodepng_state_init             inputs= 0
       - signature: struct-invariant param state: LodePNGState has nested struct field 'decoder' (needs invariant reconstruction); no producer for LodePNGState*: no function returns it
OK  lodepng_strlen                 inputs= 1
FAIL lodepng_zlib_compress          inputs= 3
       - out: T** is not a constructible input here -- it is dereferenced and written rather than indexed, so it is an OUT pointer whose value is an interior pointer into another argument, not a table of strings
       - signature: struct-invariant param settings: LodePNGCompressSettings has pointer field 'custom_zlib' (needs invariant reconstruction); no producer for LodePNGCompressSettings*: no function returns it
FAIL lodepng_zlib_decompress        inputs= 3
       - out: T** is not a constructible input here -- it is dereferenced and written rather than indexed, so it is an OUT pointer whose value is an interior pointer into another argument, not a table of strings
       - signature: struct-invariant param settings: LodePNGDecompressSettings has pointer field 'custom_zlib' (needs invariant reconstruction); no producer for LodePNGDecompressSettings*: no function returns it
FAIL lodepng_zlib_decompressv       inputs= 2
       - signature: struct-invariant param out: ucvector has pointer field 'data' (needs invariant reconstruction); no producer for ucvector*: no function returns it
       - signature: struct-invariant param settings: LodePNGDecompressSettings has pointer field 'custom_zlib' (needs invariant reconstruction); no producer for LodePNGDecompressSettings*: no function returns it
OK  paethPredictor                 inputs= 3
FAIL peekBits                       inputs= 1
       - signature: struct-invariant param reader: LodePNGBitReader has pointer field 'data' (needs invariant reconstruction); no producer for LodePNGBitReader*: no function returns it
FAIL postProcessScanlines           inputs= 4
       - signature: struct-invariant param info_png: LodePNGInfo has nested struct field 'color' (needs invariant reconstruction); no producer for LodePNGInfo*: no function returns it
FAIL preProcessScanlines            inputs= 4
       - out: T** is not a constructible input here -- it is dereferenced and written rather than indexed, so it is an OUT pointer whose value is an interior pointer into another argument, not a table of strings
       - signature: struct-invariant param info_png: LodePNGInfo has nested struct field 'color' (needs invariant reconstruction); no producer for LodePNGInfo*: no function returns it
       - signature: struct-invariant param settings: LodePNGEncoderSettings has nested struct field 'zlibsettings' (needs invariant reconstruction); no producer for LodePNGEncoderSettings*: no function returns it
OK  readBitFromReversedStream      inputs= 2
FAIL readBits                       inputs= 1
       - signature: struct-invariant param reader: LodePNGBitReader has pointer field 'data' (needs invariant reconstruction); no producer for LodePNGBitReader*: no function returns it
OK  readBitsFromReversedStream     inputs= 3
FAIL readChunk_PLTE                 inputs= 2
       - signature: struct-invariant param color: LodePNGColorMode has pointer field 'palette' (needs invariant reconstruction); no producer for LodePNGColorMode*: no function returns it
FAIL readChunk_bKGD                 inputs= 2
       - signature: struct-invariant param info: LodePNGInfo has nested struct field 'color' (needs invariant reconstruction); no producer for LodePNGInfo*: no function returns it
FAIL readChunk_cHRM                 inputs= 2
       - signature: struct-invariant param info: LodePNGInfo has nested struct field 'color' (needs invariant reconstruction); no producer for LodePNGInfo*: no function returns it
FAIL readChunk_gAMA                 inputs= 2
       - signature: struct-invariant param info: LodePNGInfo has nested struct field 'color' (needs invariant reconstruction); no producer for LodePNGInfo*: no function returns it
FAIL readChunk_iCCP                 inputs= 2
       - signature: struct-invariant param info: LodePNGInfo has nested struct field 'color' (needs invariant reconstruction); no producer for LodePNGInfo*: no function returns it
       - signature: struct-invariant param decoder: LodePNGDecoderSettings has nested struct field 'zlibsettings' (needs invariant reconstruction); no producer for LodePNGDecoderSettings*: no function returns it
FAIL readChunk_iTXt                 inputs= 2
       - signature: struct-invariant param info: LodePNGInfo has nested struct field 'color' (needs invariant reconstruction); no producer for LodePNGInfo*: no function returns it
       - signature: struct-invariant param decoder: LodePNGDecoderSettings has nested struct field 'zlibsettings' (needs invariant reconstruction); no producer for LodePNGDecoderSettings*: no function returns it
FAIL readChunk_pHYs                 inputs= 2
       - signature: struct-invariant param info: LodePNGInfo has nested struct field 'color' (needs invariant reconstruction); no producer for LodePNGInfo*: no function returns it
FAIL readChunk_sBIT                 inputs= 2
       - signature: struct-invariant param info: LodePNGInfo has nested struct field 'color' (needs invariant reconstruction); no producer for LodePNGInfo*: no function returns it
FAIL readChunk_sRGB                 inputs= 2
       - signature: struct-invariant param info: LodePNGInfo has nested struct field 'color' (needs invariant reconstruction); no producer for LodePNGInfo*: no function returns it
FAIL readChunk_tEXt                 inputs= 2
       - signature: struct-invariant param info: LodePNGInfo has nested struct field 'color' (needs invariant reconstruction); no producer for LodePNGInfo*: no function returns it
FAIL readChunk_tIME                 inputs= 2
       - signature: struct-invariant param info: LodePNGInfo has nested struct field 'color' (needs invariant reconstruction); no producer for LodePNGInfo*: no function returns it
FAIL readChunk_tRNS                 inputs= 2
       - signature: struct-invariant param color: LodePNGColorMode has pointer field 'palette' (needs invariant reconstruction); no producer for LodePNGColorMode*: no function returns it
FAIL readChunk_zTXt                 inputs= 2
       - signature: struct-invariant param info: LodePNGInfo has nested struct field 'color' (needs invariant reconstruction); no producer for LodePNGInfo*: no function returns it
       - signature: struct-invariant param decoder: LodePNGDecoderSettings has nested struct field 'zlibsettings' (needs invariant reconstruction); no producer for LodePNGDecoderSettings*: no function returns it
OK  removePaddingBits              inputs= 5
OK  reverseBits                    inputs= 2
FAIL rgba16ToPixel                  inputs= 6
       - signature: struct-invariant param mode: LodePNGColorMode has pointer field 'palette' (needs invariant reconstruction); no producer for LodePNGColorMode*: no function returns it
FAIL rgba8ToPixel                   inputs= 6
       - signature: struct-invariant param mode: LodePNGColorMode has pointer field 'palette' (needs invariant reconstruction); no producer for LodePNGColorMode*: no function returns it
       - signature: struct-invariant param tree: ColorTree has unsupported field 'children' (array) (needs invariant reconstruction); no producer for ColorTree*: no function returns it
OK  searchCodeIndex                inputs= 3
OK  setBitOfReversedStream         inputs= 3
FAIL string_cleanup                 inputs= 0
       - out: T** is not a constructible input here -- it is dereferenced and written rather than indexed, so it is an OUT pointer whose value is an interior pointer into another argument, not a table of strings
OK  ucvector_init                  inputs= 2
FAIL ucvector_reserve               inputs= 1
       - signature: struct-invariant param p: ucvector has pointer field 'data' (needs invariant reconstruction); no producer for ucvector*: no function returns it
FAIL ucvector_resize                inputs= 1
       - signature: struct-invariant param p: ucvector has pointer field 'data' (needs invariant reconstruction); no producer for ucvector*: no function returns it
OK  uivector_cleanup               inputs= 1
FAIL uivector_init                  inputs= 0
       - signature: struct-invariant param p: uivector has pointer field 'data' (needs invariant reconstruction); no producer for uivector*: no function returns it
FAIL uivector_push_back             inputs= 1
       - signature: struct-invariant param p: uivector has pointer field 'data' (needs invariant reconstruction); no producer for uivector*: no function returns it
FAIL uivector_resize                inputs= 1
       - signature: struct-invariant param p: uivector has pointer field 'data' (needs invariant reconstruction); no producer for uivector*: no function returns it
OK  unfilter                       inputs= 5
OK  unfilterScanline               inputs= 6
FAIL updateHashChain                inputs= 3
       - signature: struct-invariant param hash: Hash has pointer field 'head' (needs invariant reconstruction); no producer for Hash*: no function returns it
OK  update_adler32                 inputs= 3
FAIL writeBits                      inputs= 2
       - signature: struct-invariant param writer: LodePNGBitWriter has pointer field 'data' (needs invariant reconstruction); no producer for LodePNGBitWriter*: no function returns it
FAIL writeBitsReversed              inputs= 2
       - signature: struct-invariant param writer: LodePNGBitWriter has pointer field 'data' (needs invariant reconstruction); no producer for LodePNGBitWriter*: no function returns it
FAIL writeLZ77data                  inputs= 0
       - signature: struct-invariant param writer: LodePNGBitWriter has pointer field 'data' (needs invariant reconstruction); no producer for LodePNGBitWriter*: no function returns it
       - signature: struct-invariant param lz77_encoded: uivector has pointer field 'data' (needs invariant reconstruction); no producer for uivector*: no function returns it
       - signature: struct-invariant param tree_ll: HuffmanTree has pointer field 'codes' (needs invariant reconstruction); no producer for HuffmanTree*: no function returns it
       - signature: struct-invariant param tree_d: HuffmanTree has pointer field 'codes' (needs invariant reconstruction); no producer for HuffmanTree*: no function returns it
FAIL writeSignature                 inputs= 0
       - signature: struct-invariant param out: ucvector has pointer field 'data' (needs invariant reconstruction); no producer for ucvector*: no function returns it
FAIL zlib_compress                  inputs= 3
       - out: T** is not a constructible input here -- it is dereferenced and written rather than indexed, so it is an OUT pointer whose value is an interior pointer into another argument, not a table of strings
       - signature: struct-invariant param settings: LodePNGCompressSettings has pointer field 'custom_zlib' (needs invariant reconstruction); no producer for LodePNGCompressSettings*: no function returns it
FAIL zlib_decompress                inputs= 4
       - out: T** is not a constructible input here -- it is dereferenced and written rather than indexed, so it is an OUT pointer whose value is an interior pointer into another argument, not a table of strings
       - signature: struct-invariant param settings: LodePNGDecompressSettings has pointer field 'custom_zlib' (needs invariant reconstruction); no producer for LodePNGDecompressSettings*: no function returns it

planned 64 / 235
