[1]
[64]
[1]
[-9223372036854775808]
[0]
[-9223372036854775808]
[-9223372036854775808]
[9223372036854775805]
[-9223372036854775808]
[9223372036854775807]
[-2]
[0]
[21]
[-2064]
[-791]
[4]
[34]
[-517]
[0]
[-29250]
[125]
[0]
[3]
[149]
[1086]
[6]
[6]
[11]
[35]
[-86]
[5]
[-677]
[50]
[-76]
[902]
[2535]
[12]
[104]
[5]
[103]
[-308]
[-449]
[882]
[1]
[1]
[3]
[1]
[890]
[0]
[22]
[-1]
[218]
[]
[-18]
[3]
[]
[-726]
[0]
[1]
[0]
[848]
[-1]
[26]
[-19]
[0]
[1]
[20]
[609]
[-290]
[0]
[]
[551]
[-22]
[8]
[1]
[1]
[1]
[9]
[-1]
[6]
[9]
[0]
[-295]
[1]
[4]
[1]
[1846]
[1]
[-362]
[3]
[582]
[-140]
[1]
[2]
[2]
[1043]
[3]
[5]
[0]
[]
[9]
[-372]
[483]
[]
[601]
[760]
[1063]
[-301]
[0]
[3]
[-51]
[0]
[6]
[-676]
[]
[30]
[4]
[410]
[1]
[0]
[]
[-226]
[0]
[]
[-241]
[-43]
[56]
[]
[1658]
[960]
[-1]
[2]
[-11]
[24]
[2]
[-78]
[-6]
[3]
[0]
[-246]
[5]
[-949]
[-180]
[687]
[-908]
[1]
[6]
[0]
[1]
[8]
[-31435]
[1]
[-893]
[]
[6]
[5]
[485]
[0]
[]
[-1688]
[93]
[672]
[1296]
[561]
[258]
[2]
[-1436]
[]
[81]
[2]
[]
[]
[-645]
[2210]
[0]
[320]
[1]
[0]
[-1973]
[-10]
[-30492]
[237]
[-3]
[5]
[389]
[744]
[4]
[2]
[3]
[-32]
[1]
[4]
[-229]
[4]
[]
[0]
[19]
[1]
[-512]
[]
[4]
[280]
[0]
[-889]
[-19]
[466]
[3]
[-915]
[0]
[-25]
[-466]
[5]
[]
[0]
[0]
[-13]
[0]
[0]
[-340]
[-16]
[30]
[4]
[-644]
[820]
[1]
[0]
[0]
[0]
[1082]
[0]
[-247]
[]
[0]
[1]
[1]
[928]
[-60]
[443]
[0]
[959]
[-53]
[-324]
[0]
[1]
[-32]
[3]
[2]
[-1863]
[1]
[33]
[]
[12]
[0]
[12]
[0]
[-341]
[269]
[-31809]
[-723]
[5]
[6]
[1]
[-932]
[0]
[11]
[38]
[140]
[72]
[91]
[1]
[0]
[-79]
[1]
[1]
[0]
[192]
[118]
[11]
[-466]
[582]
[-529]
[1]
[-513]
[-1435]
[3]
[-553]
[138]
[315]
[-33]
[1]
[0]
[1]
[0]
[1]
[4]
[]
[]
[]
[]
[0]
[5]
[12]
[1]
[2]
[710]
[-13]
[-546]
[345]
[1]
[0]
[2]
[0]
[6]
