/home/yunzez/c2rust_testing/tools/frameworks/ptrtrans_rebuild/ptrtrans_venv/lib/python3.11/site-packages/tree_sitter/__init__.py:36: FutureWarning: Language(path, name) is deprecated. Use Language(ptr, name) instead.
  warn("{} is deprecated. Use {} instead.".format(old, new), FutureWarning)
INFO:__main__:Current Time: gpt_5.1_260902_021836
/home/yunzez/c2rust_testing/tools/frameworks/ptrtrans_rebuild/ptrtrans_venv/lib/python3.11/site-packages/tree_sitter/__init__.py:36: FutureWarning: Language(path, name) is deprecated. Use Language(ptr, name) instead.
  warn("{} is deprecated. Use {} instead.".format(old, new), FutureWarning)
INFO:utils.macro_expand:compile_commands.json already exists, skipping generation
Deal:  crown_dataset/genann
  0%|          | 0/1 [00:00<?, ?it/s]INFO:root:Failed: /home/yunzez/c2rust_testing/tools/frameworks/ptrtrans_rebuild/PtrTrans-C2Rust/Code_Package/dataset/crown_dataset/genann_expanded_dealed/genann.c
100%|██████████| 1/1 [00:00<00:00, 47.75it/s]
INFO:root:
Compile Summary:
INFO:root:Success: 0 files
INFO:root:Failed: 1 files
INFO:KG_construction:Successfully processed macros. Output directory: /home/yunzez/c2rust_testing/tools/frameworks/ptrtrans_rebuild/PtrTrans-C2Rust/Code_Package/dataset/crown_dataset/genann_expanded_dealed


Configuration file 'Doxyfile' created.

Now edit the configuration file and enter

  doxygen

to generate the documentation for your project

warning: Tag 'OUTPUT_TEXT_DIRECTION' at line 102 of file 'Doxyfile' has become obsolete.
         To avoid this warning please remove this line from your configuration file or upgrade it using "doxygen -u"
warning: Tag 'TCL_SUBST' at line 270 of file 'Doxyfile' has become obsolete.
         To avoid this warning please remove this line from your configuration file or upgrade it using "doxygen -u"
warning: Tag 'COLS_IN_ALPHA_INDEX' at line 1162 of file 'Doxyfile' has become obsolete.
         To avoid this warning please remove this line from your configuration file or upgrade it using "doxygen -u"
warning: Tag 'HTML_TIMESTAMP' at line 1298 of file 'Doxyfile' has become obsolete.
         To avoid this warning please remove this line from your configuration file or upgrade it using "doxygen -u"
warning: Tag 'FORMULA_TRANSPARENT' at line 1590 of file 'Doxyfile' has become obsolete.
         To avoid this warning please remove this line from your configuration file or upgrade it using "doxygen -u"
warning: Tag 'LATEX_SOURCE_CODE' at line 1898 of file 'Doxyfile' has become obsolete.
         To avoid this warning please remove this line from your configuration file or upgrade it using "doxygen -u"
warning: Tag 'LATEX_TIMESTAMP' at line 1914 of file 'Doxyfile' has become obsolete.
         To avoid this warning please remove this line from your configuration file or upgrade it using "doxygen -u"
warning: Tag 'RTF_SOURCE_CODE' at line 1988 of file 'Doxyfile' has become obsolete.
         To avoid this warning please remove this line from your configuration file or upgrade it using "doxygen -u"
warning: Tag 'DOCBOOK_PROGRAMLISTING' at line 2093 of file 'Doxyfile' has become obsolete.
         To avoid this warning please remove this line from your configuration file or upgrade it using "doxygen -u"
warning: Tag 'CLASS_DIAGRAMS' at line 2303 of file 'Doxyfile' has become obsolete.
         To avoid this warning please remove this line from your configuration file or upgrade it using "doxygen -u"
warning: Tag 'DOT_FONTNAME' at line 2345 of file 'Doxyfile' has become obsolete.
         To avoid this warning please remove this line from your configuration file or upgrade it using "doxygen -u"
warning: Tag 'DOT_FONTSIZE' at line 2352 of file 'Doxyfile' has become obsolete.
         To avoid this warning please remove this line from your configuration file or upgrade it using "doxygen -u"
warning: Tag 'DOT_TRANSPARENT' at line 2578 of file 'Doxyfile' has become obsolete.
         To avoid this warning please remove this line from your configuration file or upgrade it using "doxygen -u"
warning: source './dot_files' is not a readable file or directory... skipping.
Doxygen version used: 1.9.8 (c2fe5c3e4986974eb2a97608b24086683502f07f)
Notice: Output directory './doxygen_output' does not exist. I have created it for you.
Searching for include files...
Searching for example files...
Searching for images...
Searching for dot files...
Searching for msc files...
Searching for dia files...
Searching for files to exclude
Searching INPUT for files to process...
Searching for files in directory /home/yunzez/c2rust_testing/tools/frameworks/ptrtrans_rebuild/PtrTrans-C2Rust/Code_Package/dataset/crown_dataset/genann_expanded_dealed
Searching for files in directory /home/yunzez/c2rust_testing/tools/frameworks/ptrtrans_rebuild/PtrTrans-C2Rust/Code_Package/dataset/crown_dataset/genann_expanded_dealed/doxygen_output
Searching for files in directory /home/yunzez/c2rust_testing/tools/frameworks/ptrtrans_rebuild/PtrTrans-C2Rust/Code_Package/dataset/crown_dataset/genann_expanded_dealed/doxygen_output/xml
Reading and parsing tag files
Parsing files
Preprocessing /home/yunzez/c2rust_testing/tools/frameworks/ptrtrans_rebuild/PtrTrans-C2Rust/Code_Package/dataset/crown_dataset/genann_expanded_dealed/genann.c...
Parsing file /home/yunzez/c2rust_testing/tools/frameworks/ptrtrans_rebuild/PtrTrans-C2Rust/Code_Package/dataset/crown_dataset/genann_expanded_dealed/genann.c...
Building macro definition list...
Building group list...
Building directory list...
Building namespace list...
Building file list...
Building class list...
Building concept list...
Computing nesting relations for classes...
Associating documentation with classes...
Associating documentation with concepts...
Associating documentation with modules...
Building example list...
Searching for enumerations...
Searching for documented typedefs...
Searching for members imported via using declarations...
Searching for included using directives...
Searching for documented variables...
Building interface member list...
Building member list...
Searching for friends...
Searching for documented defines...
Computing class inheritance relations...
Computing class usage relations...
Flushing cached template relations that have become invalid...
Computing class relations...
Add enum values to enums...
Searching for member function documentation...
Creating members for template instances...
Building page list...
Search for main page...
Computing page relations...
Determining the scope of groups...
Computing module relations...
Sorting lists...
Determining which enums are documented
Computing member relations...
Building full member lists recursively...
Adding members to member groups.
Computing member references...
Inheriting documentation...
Generating disk names...
Adding source references...
Adding xrefitems...
Sorting member lists...
Setting anonymous enum type...
Computing dependencies between directories...
Generating citations page...
Counting members...
Counting data structures...
Resolving user defined references...
Finding anchors and sections in the documentation...
Transferring function references...
Combining using relations...
Adding members to index pages...
Correcting members for VHDL...
Computing tooltip texts...
Generating style sheet...
Generating search indices...
Generating example documentation...
Generating file sources...
Generating code for file /home/yunzez/c2rust_testing/tools/frameworks/ptrtrans_rebuild/PtrTrans-C2Rust/Code_Package/dataset/crown_dataset/genann_expanded_dealed/genann.c...
Generating file documentation...
Generating docs for file /home/yunzez/c2rust_testing/tools/frameworks/ptrtrans_rebuild/PtrTrans-C2Rust/Code_Package/dataset/crown_dataset/genann_expanded_dealed/genann.c...
Generating caller graph for function __assert_fail
Generating caller graph for function __errno_location
Generating caller graph for function exp
Generating caller graph for function fprintf
Generating caller graph for function free
Generating caller graph for function fscanf
Generating caller graph for function genann_act_hidden_indirect
Generating caller graph for function genann_act_linear
Generating call graph for function genann_act_linear
Generating caller graph for function genann_act_output_indirect
Generating call graph for function genann_act_sigmoid
Generating caller graph for function genann_act_sigmoid
Generating call graph for function genann_act_sigmoid_cached
Generating caller graph for function genann_act_sigmoid_cached
Generating caller graph for function genann_act_threshold
Generating caller graph for function genann_copy
Generating caller graph for function genann_free
Generating caller graph for function genann_init
Generating call graph for function genann_init_sigmoid_lookup
Generating caller graph for function genann_init_sigmoid_lookup
Generating caller graph for function genann_randomize
Generating caller graph for function genann_read
Generating caller graph for function genann_run
Generating caller graph for function genann_train
Generating caller graph for function genann_write
Generating caller graph for function malloc
Generating caller graph for function memcpy
Generating caller graph for function perror
Generating caller graph for function rand
Generating page documentation...
Generating group documentation...
Generating class documentation...
Generating docs for compound __atomic_wide_counter...
Generating docs for compound __fsid_t...
Generating docs for compound __locale_struct...
Generating docs for compound __mbstate_t...
Generating docs for compound __once_flag...
Generating docs for compound __pthread_cond_s...
Generating docs for compound __pthread_internal_list...
Generating docs for compound __pthread_internal_slist...
Generating docs for compound __pthread_mutex_s...
Generating docs for compound __pthread_rwlock_arch_t...
Generating docs for compound __sigset_t...
Generating docs for compound _G_fpos64_t...
Generating docs for compound _G_fpos_t...
Generating docs for compound _IO_cookie_io_functions_t...
Generating docs for compound _IO_FILE...
Generating docs for compound div_t...
Generating docs for compound drand48_data...
Generating docs for compound fd_set...
Generating docs for compound genann...
Generating docs for compound ldiv_t...
Generating docs for compound lldiv_t...
Generating docs for compound pthread_attr_t...
Generating docs for compound pthread_barrier_t...
Generating docs for compound pthread_barrierattr_t...
Generating docs for compound pthread_cond_t...
Generating docs for compound pthread_condattr_t...
Generating docs for compound pthread_mutex_t...
Generating docs for compound pthread_mutexattr_t...
Generating docs for compound pthread_rwlock_t...
Generating docs for compound pthread_rwlockattr_t...
Generating docs for compound random_data...
Generating docs for compound timespec...
Generating docs for compound timeval...
Generating concept documentation...
Generating module documentation...
Generating namespace documentation...
Generating graph info page...
Generating directory documentation...
Generating dependency graph for directory /home/yunzez/c2rust_testing/tools/frameworks/ptrtrans_rebuild/PtrTrans-C2Rust/Code_Package/dataset/crown_dataset
Generating dependency graph for directory /home/yunzez/c2rust_testing/tools/frameworks/ptrtrans_rebuild/PtrTrans-C2Rust/Code_Package/dataset
Generating dependency graph for directory /home/yunzez/c2rust_testing/tools/frameworks/ptrtrans_rebuild/PtrTrans-C2Rust/Code_Package/dataset/crown_dataset/genann_expanded_dealed
finalizing index lists...
writing tag file...
Generating XML output...
Generating XML output for class __atomic_wide_counter
Generating XML output for class __fsid_t
Generating XML output for class __locale_struct
Generating XML output for class __mbstate_t
Generating XML output for class __once_flag
Generating XML output for class __pthread_cond_s
Generating XML output for class __pthread_internal_list
Generating XML output for class __pthread_internal_slist
Generating XML output for class __pthread_mutex_s
Generating XML output for class __pthread_rwlock_arch_t
Generating XML output for class __sigset_t
Generating XML output for class _G_fpos64_t
Generating XML output for class _G_fpos_t
Generating XML output for class _IO_cookie_io_functions_t
Generating XML output for class _IO_FILE
Generating XML output for class div_t
Generating XML output for class drand48_data
Generating XML output for class fd_set
Generating XML output for class genann
Generating XML output for class ldiv_t
Generating XML output for class lldiv_t
Generating XML output for class pthread_attr_t
Generating XML output for class pthread_barrier_t
Generating XML output for class pthread_barrierattr_t
Generating XML output for class pthread_cond_t
Generating XML output for class pthread_condattr_t
Generating XML output for class pthread_mutex_t
Generating XML output for class pthread_mutexattr_t
Generating XML output for class pthread_rwlock_t
Generating XML output for class pthread_rwlockattr_t
Generating XML output for class random_data
Generating XML output for class timespec
Generating XML output for class timeval
Generating XML output for file genann.c
Generate XML output for dir /home/yunzez/c2rust_testing/tools/frameworks/ptrtrans_rebuild/PtrTrans-C2Rust/Code_Package/
Generate XML output for dir /home/yunzez/c2rust_testing/tools/frameworks/ptrtrans_rebuild/PtrTrans-C2Rust/Code_Package/dataset/crown_dataset/
Generate XML output for dir /home/yunzez/c2rust_testing/tools/frameworks/ptrtrans_rebuild/PtrTrans-C2Rust/Code_Package/dataset/
Generate XML output for dir /home/yunzez/c2rust_testing/tools/frameworks/ptrtrans_rebuild/PtrTrans-C2Rust/Code_Package/dataset/crown_dataset/genann_expanded_dealed/
Running plantuml with JAVA...
Running dot...
type lookup cache used 1127/65536 hits=4116 misses=1145
symbol lookup cache used 1809/65536 hits=5411 misses=1809
finished...
  0%|          | 0/38 [00:00<?, ?it/s]WARNING:utils.doxygen_extractor:Unclosed brace block starting at line 1639 in /home/yunzez/c2rust_testing/tools/frameworks/ptrtrans_rebuild/PtrTrans-C2Rust/Code_Package/dataset/crown_dataset/genann_expanded_dealed/genann.c
 89%|████████▉ | 34/38 [00:00<00:00, 63.28it/s]100%|██████████| 38/38 [00:00<00:00, 70.66it/s]
INFO:utils.doxygen_extractor:Successfully parsed index.xml. Found 695 entities, saved to genann_expanded_dealed_entities.json
Entity will be removed - file: /home/yunzez/c2rust_testing/tools/frameworks/ptrtrans_rebuild/PtrTrans-C2Rust/Code_Package/dataset/crown_dataset/genann_expanded_dealed/genann.c
  Parent entity: __pthread_internal_list (id: struct____pthread__internal__list#struct____pthread__internal__list_1abf777a62638ec9a6278fd06e2c1681ac#struct____pthread__internal__list_1ac3473a84245624b29f26a13bc8ec93a7, line: 1157-1160)
  Removed entity: __pthread_list_t (id: genann_8c_1a90800f0ac21d9da11992b65fd93815fc, line: 1160-1160)
Entity will be removed - file: /home/yunzez/c2rust_testing/tools/frameworks/ptrtrans_rebuild/PtrTrans-C2Rust/Code_Package/dataset/crown_dataset/genann_expanded_dealed/genann.c
  Parent entity: __pthread_internal_slist (id: struct____pthread__internal__slist#struct____pthread__internal__slist_1acab2e1fc6244e903a9db732b371c2520, line: 1162-1164)
  Removed entity: __pthread_slist_t (id: genann_8c_1ab8a467926aea9ba1d4311eb11a9cc1e2, line: 1164-1164)
Entity will be removed - file: /home/yunzez/c2rust_testing/tools/frameworks/ptrtrans_rebuild/PtrTrans-C2Rust/Code_Package/dataset/crown_dataset/genann_expanded_dealed/genann.c
  Parent entity: _G_fpos64_t (id: struct__G__fpos64__t#struct__G__fpos64__t_1a5e289da2680acfd68c15e8f96524a091#struct__G__fpos64__t_1ac06ed638762dc499046cf91403aa58bb, line: 147-150)
  Removed entity: __fpos64_t (id: genann_8c_1a23daff2310b869be43403bb53d22aa50, line: 150-150)
Entity will be removed - file: /home/yunzez/c2rust_testing/tools/frameworks/ptrtrans_rebuild/PtrTrans-C2Rust/Code_Package/dataset/crown_dataset/genann_expanded_dealed/genann.c
  Parent entity: _G_fpos_t (id: struct__G__fpos__t#struct__G__fpos__t_1a1f3f051dff02b13553766b90e703ac1a#struct__G__fpos__t_1a7bedfe55beff20f064b4cefa4f65e81d, line: 142-145)
  Removed entity: __fpos_t (id: genann_8c_1ac317bd1c7e67036e8a2db38b80d8b64d, line: 145-145)
Entity will be removed - file: /home/yunzez/c2rust_testing/tools/frameworks/ptrtrans_rebuild/PtrTrans-C2Rust/Code_Package/dataset/crown_dataset/genann_expanded_dealed/genann.c
  Parent entity: _IO_cookie_io_functions_t (id: struct__IO__cookie__io__functions__t#struct__IO__cookie__io__functions__t_1a017465150bc641e182fdd85bfc03f3fc#struct__IO__cookie__io__functions__t_1a354c0acbc288158b0725e33bb4b9b31d#struct__IO__cookie__io__functions__t_1acf42384434e2a3ea4b3df1534eece314#struct__IO__cookie__io__functions__t_1adf5dd2d98c6dcaccf7d15d2d68b1d27a, line: 213-218)
  Removed entity: cookie_io_functions_t (id: genann_8c_1a018ec29cb909ce1676dcccf10b50ff09, line: 218-218)
Entity will be removed - file: /home/yunzez/c2rust_testing/tools/frameworks/ptrtrans_rebuild/PtrTrans-C2Rust/Code_Package/dataset/crown_dataset/genann_expanded_dealed/genann.c
  Parent entity: genann (id: structgenann#structgenann_1a8e2556db1d27d76b236121999ea0b7b5#structgenann_1a10edd694df36e9a4c6234423e086df6e#structgenann_1a61c2a4782ee8eeab7a22fd8b22dddc2d#structgenann_1a9701527ed3a15fa79d912a9c619fa17c#structgenann_1a86ba29de723e601f602b4bb0ce1796ef#structgenann_1ada9ca9a37a530115fed216494c9e8ab4#structgenann_1adc3f86ccc7fc6561463e2f311e15ec51#structgenann_1accf8e83ac799b68ddd2352b0fa7b956d#structgenann_1ad9a071fb99adb316a0d8c7f6d9edceb2#structgenann_1a5a9caad4e4698002ad400ae423ab5e71#structgenann_1aaaf8553645ca5594f51ac996e0ff7dca, line: 438-447)
  Removed entity: genann (id: genann_8c_1ad7cbaed7e2381a11be419bfe6adf2f3d, line: 447-447)
Processing Relationships:   0%|          | 0/695 [00:00<?, ?it/s]Processing Relationships:   3%|▎         | 18/695 [00:00<00:03, 184.69it/s]
Traceback (most recent call last):
  File "/home/yunzez/c2rust_testing/tools/frameworks/ptrtrans_rebuild/PtrTrans-C2Rust/script/main.py", line 1773, in <module>
    instance.trans_PA()
  File "/home/yunzez/c2rust_testing/tools/frameworks/ptrtrans_rebuild/PtrTrans-C2Rust/script/main.py", line 301, in trans_PA
    trans_metadata_path, entities_path, relationships_path, c_topo_sort_str = self.translation_setup();
                                                                              ^^^^^^^^^^^^^^^^^^^^^^^^
  File "/home/yunzez/c2rust_testing/tools/frameworks/ptrtrans_rebuild/PtrTrans-C2Rust/script/main.py", line 56, in translation_setup
    entities_path, relationships_path, projectInfo_path = kg_construction.start_cons(self.args)
                                                          ^^^^^^^^^^^^^^^^^^^^^^^^^^^^^^^^^^^^^
  File "/home/yunzez/c2rust_testing/tools/frameworks/ptrtrans_rebuild/PtrTrans-C2Rust/script/KG_construction.py", line 289, in start_cons
    entities_path, relationships_path = extract_doxygen_info(str(expanded_dealed_dir), parsed_project_path)
                                        ^^^^^^^^^^^^^^^^^^^^^^^^^^^^^^^^^^^^^^^^^^^^^^^^^^^^^^^^^^^^^^^^^^^
  File "/home/yunzez/c2rust_testing/tools/frameworks/ptrtrans_rebuild/PtrTrans-C2Rust/script/KG_construction.py", line 62, in extract_doxygen_info
    doxygen_parser._extract_relationships_from_xml()
  File "/home/yunzez/c2rust_testing/tools/frameworks/ptrtrans_rebuild/PtrTrans-C2Rust/script/utils/doxygen_extractor.py", line 423, in _extract_relationships_from_xml
    refs_memberdef_list = self._extract_refs_from_memberdef(root, entity_id, xml_path)
                          ^^^^^^^^^^^^^^^^^^^^^^^^^^^^^^^^^^^^^^^^^^^^^^^^^^^^^^^^^^^^
  File "/home/yunzez/c2rust_testing/tools/frameworks/ptrtrans_rebuild/PtrTrans-C2Rust/script/utils/doxygen_extractor.py", line 524, in _extract_refs_from_memberdef
    refs += self._extract_refs_from_referencedby(refby_root, entity_ids_p, int(startline), int(endline))   #function error
                                                                                           ^^^^^^^^^^^^
TypeError: int() argument must be a string, a bytes-like object or a real number, not 'NoneType'
