==3032104==ERROR: AddressSanitizer: attempting free on address which was not malloc()-ed: 0x7c8fe6be3880 in thread T0
#145280: cov: 255 ft: 470 corp: 32 exec/s: 0 oom/timeout/crash: 0/0/13379 time: 326s job: 13380 dft_time: 0
==3032107==ERROR: AddressSanitizer: attempting free on address which was not malloc()-ed: 0x7c331fde3880 in thread T0
#145287: cov: 255 ft: 470 corp: 32 exec/s: 0 oom/timeout/crash: 0/0/13380 time: 326s job: 13381 dft_time: 0
==3032110==ERROR: AddressSanitizer: attempting free on address which was not malloc()-ed: 0x7cae629e3880 in thread T0
#145294: cov: 255 ft: 470 corp: 32 exec/s: 0 oom/timeout/crash: 0/0/13381 time: 326s job: 13382 dft_time: 0
==3032113==ERROR: AddressSanitizer: attempting free on address which was not malloc()-ed: 0x7c9482fe3880 in thread T0
#145301: cov: 255 ft: 470 corp: 32 exec/s: 0 oom/timeout/crash: 0/0/13382 time: 326s job: 13383 dft_time: 0
==3032116==ERROR: AddressSanitizer: attempting free on address which was not malloc()-ed: 0x7c9ecbbe39c0 in thread T0
#145329: cov: 255 ft: 470 corp: 32 exec/s: 0 oom/timeout/crash: 0/0/13383 time: 326s job: 13384 dft_time: 0
==3032119==ERROR: AddressSanitizer: SEGV on unknown address 0x7cc2bbe20000 (pc 0x562b2255a3ca bp 0x7fffc068c220 sp 0x7fffc068c1c0 T0)
#145336: cov: 255 ft: 470 corp: 32 exec/s: 0 oom/timeout/crash: 0/0/13384 time: 326s job: 13385 dft_time: 0
==3032122==ERROR: AddressSanitizer: attempting free on address which was not malloc()-ed: 0x7cea335e39c0 in thread T0
#145343: cov: 255 ft: 470 corp: 32 exec/s: 0 oom/timeout/crash: 0/0/13385 time: 326s job: 13386 dft_time: 0
==3032125==ERROR: AddressSanitizer: attempting free on address which was not malloc()-ed: 0x7d03245e39c0 in thread T0
#145356: cov: 255 ft: 470 corp: 32 exec/s: 0 oom/timeout/crash: 0/0/13386 time: 326s job: 13387 dft_time: 0
#145363: cov: 255 ft: 470 corp: 32 exec/s: 0 oom/timeout/crash: 0/0/13387 time: 326s job: 13388 dft_time: 0
==3032131==ERROR: AddressSanitizer: attempting free on address which was not malloc()-ed: 0x7ca01a5e3880 in thread T0
#145370: cov: 255 ft: 470 corp: 32 exec/s: 0 oom/timeout/crash: 0/0/13388 time: 326s job: 13389 dft_time: 0
==3032134==ERROR: AddressSanitizer: attempting free on address which was not malloc()-ed: 0x7c349f9e3880 in thread T0
#145377: cov: 255 ft: 470 corp: 32 exec/s: 0 oom/timeout/crash: 0/0/13389 time: 326s job: 13390 dft_time: 0
==3032137==ERROR: AddressSanitizer: attempting free on address which was not malloc()-ed: 0x7c19917e3880 in thread T0
#145384: cov: 255 ft: 470 corp: 32 exec/s: 0 oom/timeout/crash: 0/0/13390 time: 326s job: 13391 dft_time: 0
==3032140==ERROR: AddressSanitizer: attempting free on address which was not malloc()-ed: 0x7ccabdfe39c0 in thread T0
#145391: cov: 255 ft: 470 corp: 32 exec/s: 0 oom/timeout/crash: 0/0/13391 time: 326s job: 13392 dft_time: 0
==3032143==ERROR: AddressSanitizer: attempting free on address which was not malloc()-ed: 0x7cda4e1e3880 in thread T0
#145398: cov: 255 ft: 470 corp: 32 exec/s: 0 oom/timeout/crash: 0/0/13392 time: 326s job: 13393 dft_time: 0
==3032146==ERROR: AddressSanitizer: attempting free on address which was not malloc()-ed: 0x7d0b6b7e3880 in thread T0
#145405: cov: 255 ft: 470 corp: 32 exec/s: 0 oom/timeout/crash: 0/0/13393 time: 326s job: 13394 dft_time: 0
==3032149==ERROR: AddressSanitizer: attempting free on address which was not malloc()-ed: 0x7caa3c9e39c0 in thread T0
#145463: cov: 255 ft: 470 corp: 32 exec/s: 0 oom/timeout/crash: 0/0/13394 time: 326s job: 13395 dft_time: 0
#145470: cov: 255 ft: 470 corp: 32 exec/s: 0 oom/timeout/crash: 0/0/13395 time: 326s job: 13396 dft_time: 0
==3032155==ERROR: AddressSanitizer: attempting free on address which was not malloc()-ed: 0x7cb3e41e3880 in thread T0
#145477: cov: 255 ft: 470 corp: 32 exec/s: 0 oom/timeout/crash: 0/0/13396 time: 327s job: 13397 dft_time: 0
==3032158==ERROR: AddressSanitizer: attempting free on address which was not malloc()-ed: 0x7c81245e39c0 in thread T0
INFO: fuzzed for 327 seconds, wrapping up soon
INFO: exiting: 1 time: 327s
────────────────────────────────────────────────────────────────────────────────

Error: Fuzz target exited with exit status: 1
