==3260954==ERROR: AddressSanitizer: SEGV on unknown address 0x000000000004 (pc 0x559c7c9407d6 bp 0x7ffc3ca25330 sp 0x7ffc3ca24740 T0)
#15333: cov: 0 ft: 0 corp: 0 exec/s: 0 oom/timeout/crash: 0/0/15332 time: 326s job: 15333 dft_time: 0
==3260957==ERROR: AddressSanitizer: SEGV on unknown address 0x000000000004 (pc 0x563eb5aae7d6 bp 0x7ffd324d8910 sp 0x7ffd324d7d20 T0)
#15334: cov: 0 ft: 0 corp: 0 exec/s: 0 oom/timeout/crash: 0/0/15333 time: 326s job: 15334 dft_time: 0
==3260960==ERROR: AddressSanitizer: SEGV on unknown address 0x000000000004 (pc 0x55ee6db577d6 bp 0x7ffebad6e4f0 sp 0x7ffebad6d900 T0)
#15335: cov: 0 ft: 0 corp: 0 exec/s: 0 oom/timeout/crash: 0/0/15334 time: 326s job: 15335 dft_time: 0
==3260981==ERROR: AddressSanitizer: SEGV on unknown address 0x000000000004 (pc 0x55fe2d8ac7d6 bp 0x7fff569c49d0 sp 0x7fff569c3de0 T0)
#15336: cov: 0 ft: 0 corp: 0 exec/s: 0 oom/timeout/crash: 0/0/15335 time: 326s job: 15336 dft_time: 0
==3260988==ERROR: AddressSanitizer: SEGV on unknown address 0x000000000004 (pc 0x558539afd7d6 bp 0x7ffd43580470 sp 0x7ffd4357f880 T0)
#15337: cov: 0 ft: 0 corp: 0 exec/s: 0 oom/timeout/crash: 0/0/15336 time: 326s job: 15337 dft_time: 0
==3260991==ERROR: AddressSanitizer: SEGV on unknown address 0x000000000004 (pc 0x557a5affd7d6 bp 0x7ffd41acaa70 sp 0x7ffd41ac9e80 T0)
#15338: cov: 0 ft: 0 corp: 0 exec/s: 0 oom/timeout/crash: 0/0/15337 time: 326s job: 15338 dft_time: 0
==3261002==ERROR: AddressSanitizer: SEGV on unknown address 0x000000000004 (pc 0x558c891557d6 bp 0x7ffcee630f50 sp 0x7ffcee630360 T0)
#15339: cov: 0 ft: 0 corp: 0 exec/s: 0 oom/timeout/crash: 0/0/15338 time: 326s job: 15339 dft_time: 0
==3261005==ERROR: AddressSanitizer: SEGV on unknown address 0x000000000004 (pc 0x5597be0f37d6 bp 0x7ffe14952ef0 sp 0x7ffe14952300 T0)
#15340: cov: 0 ft: 0 corp: 0 exec/s: 0 oom/timeout/crash: 0/0/15339 time: 326s job: 15340 dft_time: 0
==3261008==ERROR: AddressSanitizer: SEGV on unknown address 0x000000000004 (pc 0x55c7854567d6 bp 0x7fff36130190 sp 0x7fff3612f5a0 T0)
#15341: cov: 0 ft: 0 corp: 0 exec/s: 0 oom/timeout/crash: 0/0/15340 time: 326s job: 15341 dft_time: 0
==3261011==ERROR: AddressSanitizer: SEGV on unknown address 0x000000000004 (pc 0x558b6e8397d6 bp 0x7ffd8baf0050 sp 0x7ffd8baef460 T0)
#15342: cov: 0 ft: 0 corp: 0 exec/s: 0 oom/timeout/crash: 0/0/15341 time: 326s job: 15342 dft_time: 0
==3261014==ERROR: AddressSanitizer: SEGV on unknown address 0x000000000004 (pc 0x55c62e6307d6 bp 0x7ffd316340f0 sp 0x7ffd31633500 T0)
#15343: cov: 0 ft: 0 corp: 0 exec/s: 0 oom/timeout/crash: 0/0/15342 time: 326s job: 15343 dft_time: 0
==3261017==ERROR: AddressSanitizer: SEGV on unknown address 0x000000000004 (pc 0x56495eb8e7d6 bp 0x7ffeb14dffb0 sp 0x7ffeb14df3c0 T0)
#15344: cov: 0 ft: 0 corp: 0 exec/s: 0 oom/timeout/crash: 0/0/15343 time: 326s job: 15344 dft_time: 0
==3261020==ERROR: AddressSanitizer: SEGV on unknown address 0x000000000004 (pc 0x558637d8d7d6 bp 0x7ffd2960c890 sp 0x7ffd2960bca0 T0)
#15345: cov: 0 ft: 0 corp: 0 exec/s: 0 oom/timeout/crash: 0/0/15344 time: 326s job: 15345 dft_time: 0
==3261023==ERROR: AddressSanitizer: SEGV on unknown address 0x000000000004 (pc 0x55ee72a787d6 bp 0x7ffd8e15c930 sp 0x7ffd8e15bd40 T0)
#15346: cov: 0 ft: 0 corp: 0 exec/s: 0 oom/timeout/crash: 0/0/15345 time: 326s job: 15346 dft_time: 0
==3261026==ERROR: AddressSanitizer: SEGV on unknown address 0x000000000004 (pc 0x55750b3d77d6 bp 0x7fff1c611130 sp 0x7fff1c610540 T0)
#15347: cov: 0 ft: 0 corp: 0 exec/s: 0 oom/timeout/crash: 0/0/15346 time: 326s job: 15347 dft_time: 0
==3261029==ERROR: AddressSanitizer: SEGV on unknown address 0x000000000004 (pc 0x55f1d0dba7d6 bp 0x7fff997c65d0 sp 0x7fff997c59e0 T0)
#15348: cov: 0 ft: 0 corp: 0 exec/s: 0 oom/timeout/crash: 0/0/15347 time: 326s job: 15348 dft_time: 0
==3261032==ERROR: AddressSanitizer: SEGV on unknown address 0x000000000004 (pc 0x5608c3a517d6 bp 0x7ffd0bb006d0 sp 0x7ffd0baffae0 T0)
#15349: cov: 0 ft: 0 corp: 0 exec/s: 0 oom/timeout/crash: 0/0/15348 time: 327s job: 15349 dft_time: 0
==3261035==ERROR: AddressSanitizer: SEGV on unknown address 0x000000000004 (pc 0x565095c627d6 bp 0x7ffc6e260730 sp 0x7ffc6e25fb40 T0)
INFO: fuzzed for 327 seconds, wrapping up soon
INFO: exiting: 1 time: 327s
────────────────────────────────────────────────────────────────────────────────

Error: Fuzz target exited with exit status: 1
