==2961777== ERROR: libFuzzer: fuzz target exited
#15664: cov: 0 ft: 0 corp: 0 exec/s: 0 oom/timeout/crash: 0/0/15663 time: 326s job: 15664 dft_time: 0
==2961780== ERROR: libFuzzer: fuzz target exited
#15665: cov: 0 ft: 0 corp: 0 exec/s: 0 oom/timeout/crash: 0/0/15664 time: 326s job: 15665 dft_time: 0
==2961783== ERROR: libFuzzer: fuzz target exited
#15666: cov: 0 ft: 0 corp: 0 exec/s: 0 oom/timeout/crash: 0/0/15665 time: 326s job: 15666 dft_time: 0
==2961786== ERROR: libFuzzer: fuzz target exited
#15667: cov: 0 ft: 0 corp: 0 exec/s: 0 oom/timeout/crash: 0/0/15666 time: 326s job: 15667 dft_time: 0
==2961789== ERROR: libFuzzer: fuzz target exited
#15668: cov: 0 ft: 0 corp: 0 exec/s: 0 oom/timeout/crash: 0/0/15667 time: 326s job: 15668 dft_time: 0
==2961792== ERROR: libFuzzer: fuzz target exited
#15669: cov: 0 ft: 0 corp: 0 exec/s: 0 oom/timeout/crash: 0/0/15668 time: 326s job: 15669 dft_time: 0
==2961795== ERROR: libFuzzer: fuzz target exited
#15670: cov: 0 ft: 0 corp: 0 exec/s: 0 oom/timeout/crash: 0/0/15669 time: 326s job: 15670 dft_time: 0
==2961798== ERROR: libFuzzer: fuzz target exited
#15671: cov: 0 ft: 0 corp: 0 exec/s: 0 oom/timeout/crash: 0/0/15670 time: 326s job: 15671 dft_time: 0
==2961801== ERROR: libFuzzer: fuzz target exited
#15672: cov: 0 ft: 0 corp: 0 exec/s: 0 oom/timeout/crash: 0/0/15671 time: 326s job: 15672 dft_time: 0
==2961804== ERROR: libFuzzer: fuzz target exited
#15673: cov: 0 ft: 0 corp: 0 exec/s: 0 oom/timeout/crash: 0/0/15672 time: 326s job: 15673 dft_time: 0
==2961807== ERROR: libFuzzer: fuzz target exited
#15674: cov: 0 ft: 0 corp: 0 exec/s: 0 oom/timeout/crash: 0/0/15673 time: 326s job: 15674 dft_time: 0
==2961810== ERROR: libFuzzer: fuzz target exited
#15675: cov: 0 ft: 0 corp: 0 exec/s: 0 oom/timeout/crash: 0/0/15674 time: 326s job: 15675 dft_time: 0
==2961813== ERROR: libFuzzer: fuzz target exited
#15676: cov: 0 ft: 0 corp: 0 exec/s: 0 oom/timeout/crash: 0/0/15675 time: 326s job: 15676 dft_time: 0
==2961816== ERROR: libFuzzer: fuzz target exited
#15677: cov: 0 ft: 0 corp: 0 exec/s: 0 oom/timeout/crash: 0/0/15676 time: 326s job: 15677 dft_time: 0
==2961819== ERROR: libFuzzer: fuzz target exited
#15678: cov: 0 ft: 0 corp: 0 exec/s: 0 oom/timeout/crash: 0/0/15677 time: 326s job: 15678 dft_time: 0
==2961822== ERROR: libFuzzer: fuzz target exited
#15679: cov: 0 ft: 0 corp: 0 exec/s: 0 oom/timeout/crash: 0/0/15678 time: 326s job: 15679 dft_time: 0
==2961825== ERROR: libFuzzer: fuzz target exited
#15680: cov: 0 ft: 0 corp: 0 exec/s: 0 oom/timeout/crash: 0/0/15679 time: 327s job: 15680 dft_time: 0
==2961828== ERROR: libFuzzer: fuzz target exited
INFO: fuzzed for 327 seconds, wrapping up soon
INFO: exiting: 77 time: 327s
────────────────────────────────────────────────────────────────────────────────

Error: Fuzz target exited with exit status: 77
