controlled guidance quadtree x c2rust: {'git_head': '958f0b4b2612a6504a8e496858030ee63a7effea', 'generator': 'fd1f75b4716a1d45', 'protocol': 'single-c-companion', 'files': {'scripts/rq4/c_guided_cell.py': '69c5692b73aa6fb476e2a0c5c14fc96217aa5d54106eafa1725c54c5e4d9be8d', 'scripts/rq4/c_reach.py': 'bf15745952cc2321ab2d3fc03ffbb47adac12cd20987ad30947d874d75e01a52', 'scripts/rq4/cell.py': '9ef8e4fe14c4e97917d5d16cde12c292c89738812e4cfd29f53c1ba8e915346a', 'tools/stu_selector/gen_diff_harness.py': 'bf3437734d5d79cb24c88668e2dc8b96dd118833c7a592f4523bc9f3a9f45da4'}}; params {'max_total_time_s': 3600, 'seed': 42, 'timeout_s': 25, 'rss_limit_mb': 2048, 'max_len': 4096, 'source': 'RUN.md'}
  build elision_                       OK
  build find_                          OK
  build get_quadrant_                  OK
  build node_contains_                 OK
  build quadtree_bounds_extend         OK
  build quadtree_bounds_free           OK
  build quadtree_bounds_new            OK
  build quadtree_free                  OK
  build quadtree_insert                OK
  build quadtree_new                   OK
  build quadtree_node_isempty          OK
  build quadtree_node_isleaf           OK
  build quadtree_node_ispointer        OK
  build quadtree_node_new              OK
  build quadtree_node_with_bounds      OK
  build quadtree_point_new             OK
  build quadtree_search                OK
##### c-only, 17 harnesses, 3600s — 06:51:52
  C c elision_                       corpus     1 {'completed': 1} | fn 1/24 reg 1/205
  C c find_                          corpus     9 {'completed': 9} | fn 8/24 reg 46/205
  C c get_quadrant_                  corpus     1 {'crash': 1} | fn 0/24 reg 0/205
  C c node_contains_                 corpus    11 {'completed': 11} | fn 6/24 reg 37/205
  C c quadtree_bounds_extend         corpus     6 {'completed': 6} | fn 5/24 reg 14/205
  C c quadtree_bounds_free           corpus     1 {'completed': 1} | fn 4/24 reg 13/205
  C c quadtree_bounds_new            corpus     1 {'completed': 1} | fn 2/24 reg 11/205
  C c quadtree_free                  corpus    11 {'completed': 11} | fn 12/24 reg 50/205
  C c quadtree_insert                corpus    11 {'completed': 11} | fn 17/24 reg 88/205
  C c quadtree_new                   corpus    12 {'completed': 12} | fn 6/24 reg 33/205
  C c quadtree_node_isempty          corpus    12 {'completed': 12} | fn 7/24 reg 42/205
  C c quadtree_node_isleaf           corpus    12 {'completed': 12} | fn 6/24 reg 29/205
  C c quadtree_node_ispointer        corpus    12 {'completed': 12} | fn 6/24 reg 36/205
  C c quadtree_node_new              corpus     1 {'completed': 1} | fn 1/24 reg 10/205
  C c quadtree_node_with_bounds      corpus    12 {'completed': 12} | fn 5/24 reg 27/205
  C c quadtree_point_new             corpus     6 {'completed': 6} | fn 1/24 reg 3/205
  C c quadtree_search                corpus     9 {'completed': 9} | fn 16/24 reg 70/205
C_COMPANION_DONE quadtree x c2rust: valid=True; C=20
