==3109874==ERROR: AddressSanitizer: heap-buffer-overflow on address 0x7c93aa7e0380 at pc 0x563598c5bf26 bp 0x7ffc1a0ee8b0 sp 0x7ffc1a0ee8a8
#14984: cov: 0 ft: 0 corp: 0 exec/s: 0 oom/timeout/crash: 0/0/14983 time: 326s job: 14984 dft_time: 0
==3109877==ERROR: AddressSanitizer: heap-buffer-overflow on address 0x7c14573e0380 at pc 0x5563b88bcf26 bp 0x7ffec36dc3f0 sp 0x7ffec36dc3e8
#14985: cov: 0 ft: 0 corp: 0 exec/s: 0 oom/timeout/crash: 0/0/14984 time: 326s job: 14985 dft_time: 0
==3109880==ERROR: AddressSanitizer: heap-buffer-overflow on address 0x7cd53c3e0380 at pc 0x560fc9adaf26 bp 0x7ffdff951970 sp 0x7ffdff951968
#14986: cov: 0 ft: 0 corp: 0 exec/s: 0 oom/timeout/crash: 0/0/14985 time: 326s job: 14986 dft_time: 0
==3109883==ERROR: AddressSanitizer: heap-buffer-overflow on address 0x7ca5ee9e0380 at pc 0x55e395c0ef26 bp 0x7ffd3b775d90 sp 0x7ffd3b775d88
#14987: cov: 0 ft: 0 corp: 0 exec/s: 0 oom/timeout/crash: 0/0/14986 time: 326s job: 14987 dft_time: 0
==3109886==ERROR: AddressSanitizer: heap-buffer-overflow on address 0x7cbae7fe0380 at pc 0x560256207f26 bp 0x7ffc8a213e50 sp 0x7ffc8a213e48
#14988: cov: 0 ft: 0 corp: 0 exec/s: 0 oom/timeout/crash: 0/0/14987 time: 326s job: 14988 dft_time: 0
==3109889==ERROR: AddressSanitizer: heap-buffer-overflow on address 0x7c9f049e0380 at pc 0x558148f2bf26 bp 0x7ffe8e457730 sp 0x7ffe8e457728
#14989: cov: 0 ft: 0 corp: 0 exec/s: 0 oom/timeout/crash: 0/0/14988 time: 326s job: 14989 dft_time: 0
==3109892==ERROR: AddressSanitizer: heap-buffer-overflow on address 0x7c9d901e0380 at pc 0x555dfaf4ff26 bp 0x7ffea5354510 sp 0x7ffea5354508
#14990: cov: 0 ft: 0 corp: 0 exec/s: 0 oom/timeout/crash: 0/0/14989 time: 326s job: 14990 dft_time: 0
==3109895==ERROR: AddressSanitizer: heap-buffer-overflow on address 0x7c22329e0380 at pc 0x564cbd37ef26 bp 0x7ffffaf574d0 sp 0x7ffffaf574c8
#14991: cov: 0 ft: 0 corp: 0 exec/s: 0 oom/timeout/crash: 0/0/14990 time: 326s job: 14991 dft_time: 0
==3109898==ERROR: AddressSanitizer: heap-buffer-overflow on address 0x7cba907e0380 at pc 0x558a01f6ef26 bp 0x7fff52bd4450 sp 0x7fff52bd4448
#14992: cov: 0 ft: 0 corp: 0 exec/s: 0 oom/timeout/crash: 0/0/14991 time: 326s job: 14992 dft_time: 0
==3109901==ERROR: AddressSanitizer: heap-buffer-overflow on address 0x7cde617e0380 at pc 0x55c01b80cf26 bp 0x7ffea54c7390 sp 0x7ffea54c7388
#14993: cov: 0 ft: 0 corp: 0 exec/s: 0 oom/timeout/crash: 0/0/14992 time: 326s job: 14993 dft_time: 0
==3109905==ERROR: AddressSanitizer: heap-buffer-overflow on address 0x7cb1095e0380 at pc 0x55ac3405bf26 bp 0x7ffe9ef4cd30 sp 0x7ffe9ef4cd28
#14994: cov: 0 ft: 0 corp: 0 exec/s: 0 oom/timeout/crash: 0/0/14993 time: 326s job: 14994 dft_time: 0
==3109908==ERROR: AddressSanitizer: heap-buffer-overflow on address 0x7c65ce7e0380 at pc 0x562a7e5e5f26 bp 0x7ffde98a29d0 sp 0x7ffde98a29c8
#14995: cov: 0 ft: 0 corp: 0 exec/s: 0 oom/timeout/crash: 0/0/14994 time: 326s job: 14995 dft_time: 0
==3109911==ERROR: AddressSanitizer: heap-buffer-overflow on address 0x7c8a52be0380 at pc 0x559466b6bf26 bp 0x7ffde7b2acb0 sp 0x7ffde7b2aca8
#14996: cov: 0 ft: 0 corp: 0 exec/s: 0 oom/timeout/crash: 0/0/14995 time: 326s job: 14996 dft_time: 0
==3109914==ERROR: AddressSanitizer: heap-buffer-overflow on address 0x7c0c0e5e0380 at pc 0x55f6e493af26 bp 0x7ffe1fa6a5d0 sp 0x7ffe1fa6a5c8
#14997: cov: 0 ft: 0 corp: 0 exec/s: 0 oom/timeout/crash: 0/0/14996 time: 326s job: 14997 dft_time: 0
==3109917==ERROR: AddressSanitizer: heap-buffer-overflow on address 0x7c3d9d9e0380 at pc 0x5577e0becf26 bp 0x7ffc2939d470 sp 0x7ffc2939d468
#14998: cov: 0 ft: 0 corp: 0 exec/s: 0 oom/timeout/crash: 0/0/14997 time: 326s job: 14998 dft_time: 0
==3109920==ERROR: AddressSanitizer: heap-buffer-overflow on address 0x7c93f53e0380 at pc 0x559ca3e82f26 bp 0x7ffd52f29810 sp 0x7ffd52f29808
#14999: cov: 0 ft: 0 corp: 0 exec/s: 0 oom/timeout/crash: 0/0/14998 time: 326s job: 14999 dft_time: 0
==3109923==ERROR: AddressSanitizer: heap-buffer-overflow on address 0x7c46231e0380 at pc 0x55f59fdc7f26 bp 0x7ffe441b5a90 sp 0x7ffe441b5a88
#15000: cov: 0 ft: 0 corp: 0 exec/s: 0 oom/timeout/crash: 0/0/14999 time: 327s job: 15000 dft_time: 0
==3109926==ERROR: AddressSanitizer: heap-buffer-overflow on address 0x7cdc895e0380 at pc 0x55bf8b62ef26 bp 0x7fff415bdcd0 sp 0x7fff415bdcc8
INFO: fuzzed for 327 seconds, wrapping up soon
INFO: exiting: 1 time: 327s
────────────────────────────────────────────────────────────────────────────────

Error: Fuzz target exited with exit status: 1
