==3159035==ERROR: AddressSanitizer: SEGV on unknown address 0x000000000004 (pc 0x55dbd8314d39 bp 0x7ffe05be4590 sp 0x7ffe05be4200 T0)
#350959: cov: 94 ft: 131 corp: 17 exec/s: 0 oom/timeout/crash: 0/0/13860 time: 326s job: 13861 dft_time: 0
==3159038==ERROR: AddressSanitizer: SEGV on unknown address 0x000000000004 (pc 0x5590f852fd39 bp 0x7ffd9d499430 sp 0x7ffd9d4990a0 T0)
#350965: cov: 94 ft: 131 corp: 17 exec/s: 0 oom/timeout/crash: 0/0/13861 time: 326s job: 13862 dft_time: 0
==3159041==ERROR: AddressSanitizer: SEGV on unknown address 0x000000000004 (pc 0x558200a54d39 bp 0x7ffd8be5c430 sp 0x7ffd8be5c0a0 T0)
#350971: cov: 94 ft: 131 corp: 17 exec/s: 0 oom/timeout/crash: 0/0/13862 time: 326s job: 13863 dft_time: 0
==3159044==ERROR: AddressSanitizer: SEGV on unknown address 0x000000000004 (pc 0x55ff54bccd39 bp 0x7ffc0e6e04b0 sp 0x7ffc0e6e0120 T0)
#350982: cov: 94 ft: 131 corp: 17 exec/s: 0 oom/timeout/crash: 0/0/13863 time: 326s job: 13864 dft_time: 0
==3159047==ERROR: AddressSanitizer: SEGV on unknown address 0x7ca6eff21e40 (pc 0x5615c3d9bcee bp 0x7ffe9a726af0 sp 0x7ffe9a726760 T0)
#351006: cov: 94 ft: 131 corp: 17 exec/s: 0 oom/timeout/crash: 0/0/13864 time: 326s job: 13865 dft_time: 0
==3159050==ERROR: AddressSanitizer: SEGV on unknown address 0x000000000004 (pc 0x564db5bcad39 bp 0x7ffe928220d0 sp 0x7ffe92821d40 T0)
#351031: cov: 94 ft: 131 corp: 17 exec/s: 0 oom/timeout/crash: 0/0/13865 time: 326s job: 13866 dft_time: 0
==3159053==ERROR: AddressSanitizer: SEGV on unknown address 0x7c30ab8e4ed0 (pc 0x559165821cee bp 0x7ffda663faf0 sp 0x7ffda663f760 T0)
#351052: cov: 94 ft: 131 corp: 17 exec/s: 0 oom/timeout/crash: 0/0/13866 time: 326s job: 13867 dft_time: 0
==3159056==ERROR: AddressSanitizer: SEGV on unknown address 0x000000000004 (pc 0x561600084d39 bp 0x7ffcf24ebab0 sp 0x7ffcf24eb720 T0)
#351098: cov: 94 ft: 131 corp: 17 exec/s: 0 oom/timeout/crash: 0/0/13867 time: 326s job: 13868 dft_time: 0
==3159059==ERROR: AddressSanitizer: SEGV on unknown address 0x000000000004 (pc 0x55c2bea6ad39 bp 0x7ffec516a990 sp 0x7ffec516a600 T0)
#351108: cov: 94 ft: 131 corp: 17 exec/s: 0 oom/timeout/crash: 0/0/13868 time: 326s job: 13869 dft_time: 0
==3159062==ERROR: AddressSanitizer: SEGV on unknown address 0x000000000004 (pc 0x563ae4ab0d39 bp 0x7ffebb233e90 sp 0x7ffebb233b00 T0)
#351133: cov: 94 ft: 131 corp: 17 exec/s: 0 oom/timeout/crash: 0/0/13869 time: 326s job: 13870 dft_time: 0
==3159065==ERROR: AddressSanitizer: SEGV on unknown address 0x000000000004 (pc 0x556f1b31c7c2 bp 0x7fff2870c0b0 sp 0x7fff2870bd20 T0)
#351163: cov: 94 ft: 131 corp: 17 exec/s: 0 oom/timeout/crash: 0/0/13870 time: 326s job: 13871 dft_time: 0
==3159068==ERROR: AddressSanitizer: SEGV on unknown address 0x000000000004 (pc 0x559e37eb5d39 bp 0x7ffcb031d150 sp 0x7ffcb031cdc0 T0)
#351175: cov: 94 ft: 131 corp: 17 exec/s: 0 oom/timeout/crash: 0/0/13871 time: 326s job: 13872 dft_time: 0
==3159071==ERROR: AddressSanitizer: SEGV on unknown address 0x000000000004 (pc 0x564df3d28d39 bp 0x7ffc81548490 sp 0x7ffc81548100 T0)
#351203: cov: 94 ft: 131 corp: 17 exec/s: 0 oom/timeout/crash: 0/0/13872 time: 326s job: 13873 dft_time: 0
==3159074==ERROR: AddressSanitizer: SEGV on unknown address 0x7c9d38c5d350 (pc 0x55657d49ecee bp 0x7fffeeb16f70 sp 0x7fffeeb16be0 T0)
#351229: cov: 94 ft: 131 corp: 17 exec/s: 0 oom/timeout/crash: 0/0/13873 time: 326s job: 13874 dft_time: 0
==3159077==ERROR: AddressSanitizer: SEGV on unknown address 0x000000000004 (pc 0x5620dbb98a12 bp 0x7fffe15cb8d0 sp 0x7fffe15cb540 T0)
#351248: cov: 94 ft: 131 corp: 17 exec/s: 0 oom/timeout/crash: 0/0/13874 time: 326s job: 13875 dft_time: 0
==3159080==ERROR: AddressSanitizer: SEGV on unknown address 0x000000000004 (pc 0x55f8b1734d39 bp 0x7ffeb54453f0 sp 0x7ffeb5445060 T0)
#351340: cov: 94 ft: 131 corp: 17 exec/s: 0 oom/timeout/crash: 0/0/13875 time: 326s job: 13876 dft_time: 0
==3159083==ERROR: AddressSanitizer: SEGV on unknown address 0x000000000004 (pc 0x55a2184a1d39 bp 0x7ffcd89678b0 sp 0x7ffcd8967520 T0)
#351375: cov: 94 ft: 131 corp: 17 exec/s: 0 oom/timeout/crash: 0/0/13876 time: 327s job: 13877 dft_time: 0
==3159086==ERROR: AddressSanitizer: SEGV on unknown address 0x7c5fb7203c90 (pc 0x55a30cdc5cee bp 0x7ffe86678d50 sp 0x7ffe866789c0 T0)
INFO: fuzzed for 327 seconds, wrapping up soon
INFO: exiting: 1 time: 327s
────────────────────────────────────────────────────────────────────────────────

Error: Fuzz target exited with exit status: 1
