OK  get_part                       inputs= 3
OK  main                           inputs= 0
OK  strdup                         inputs= 1
OK  strff                          inputs= 2
OK  strrwd                         inputs= 2
OK  url_data_inspect               inputs= 1
OK  url_free                       inputs= 1
OK  url_get_auth                   inputs= 1
OK  url_get_hash                   inputs= 1
OK  url_get_host                   inputs= 1
OK  url_get_hostname               inputs= 1
OK  url_get_path                   inputs= 1
OK  url_get_pathname               inputs= 1
OK  url_get_port                   inputs= 1
OK  url_get_protocol               inputs= 1
OK  url_get_query                  inputs= 1
OK  url_get_search                 inputs= 1
OK  url_inspect                    inputs= 1
OK  url_is_protocol                inputs= 1
OK  url_is_ssh                     inputs= 1
OK  url_parse                      inputs= 1

planned 21 / 21
