OK  ti_abs                         inputs= 4
OK  ti_abs_start                   inputs= 1
OK  ti_acos                        inputs= 4
OK  ti_acos_start                  inputs= 1
OK  ti_ad                          inputs= 4
OK  ti_ad_start                    inputs= 1
OK  ti_add                         inputs= 4
OK  ti_add_start                   inputs= 1
OK  ti_adosc                       inputs= 4
OK  ti_adosc_start                 inputs= 1
OK  ti_adx                         inputs= 4
OK  ti_adx_start                   inputs= 1
OK  ti_adxr                        inputs= 4
OK  ti_adxr_start                  inputs= 1
OK  ti_ao                          inputs= 4
OK  ti_ao_start                    inputs= 1
OK  ti_apo                         inputs= 4
OK  ti_apo_start                   inputs= 1
OK  ti_aroon                       inputs= 4
OK  ti_aroon_start                 inputs= 1
OK  ti_aroonosc                    inputs= 4
OK  ti_aroonosc_start              inputs= 1
OK  ti_asin                        inputs= 4
OK  ti_asin_start                  inputs= 1
OK  ti_atan                        inputs= 4
OK  ti_atan_start                  inputs= 1
OK  ti_atr                         inputs= 4
OK  ti_atr_start                   inputs= 1
OK  ti_avgprice                    inputs= 4
OK  ti_avgprice_start              inputs= 1
OK  ti_bbands                      inputs= 4
OK  ti_bbands_start                inputs= 1
OK  ti_bop                         inputs= 4
OK  ti_bop_start                   inputs= 1
FAIL ti_buffer_free                 inputs= 1
       - buffer: no lossless Rust bridge -- struct parameter has Rust type Box<ti_buffer>
OK  ti_buffer_new                  inputs= 1
OK  ti_build                       inputs= 0
OK  ti_cci                         inputs= 4
OK  ti_cci_start                   inputs= 1
OK  ti_ceil                        inputs= 4
OK  ti_ceil_start                  inputs= 1
OK  ti_cmo                         inputs= 4
OK  ti_cmo_start                   inputs= 1
OK  ti_cos                         inputs= 4
OK  ti_cos_start                   inputs= 1
OK  ti_cosh                        inputs= 4
OK  ti_cosh_start                  inputs= 1
OK  ti_crossany                    inputs= 4
OK  ti_crossany_start              inputs= 1
OK  ti_crossover                   inputs= 4
OK  ti_crossover_start             inputs= 1
OK  ti_cvi                         inputs= 4
OK  ti_cvi_start                   inputs= 1
OK  ti_decay                       inputs= 4
OK  ti_decay_start                 inputs= 1
OK  ti_dema                        inputs= 4
OK  ti_dema_start                  inputs= 1
OK  ti_di                          inputs= 4
OK  ti_di_start                    inputs= 1
OK  ti_div                         inputs= 4
OK  ti_div_start                   inputs= 1
OK  ti_dm                          inputs= 4
OK  ti_dm_start                    inputs= 1
OK  ti_dpo                         inputs= 4
OK  ti_dpo_start                   inputs= 1
OK  ti_dx                          inputs= 4
OK  ti_dx_start                    inputs= 1
OK  ti_edecay                      inputs= 4
OK  ti_edecay_start                inputs= 1
OK  ti_ema                         inputs= 4
OK  ti_ema_start                   inputs= 1
OK  ti_emv                         inputs= 4
OK  ti_emv_start                   inputs= 1
OK  ti_exp                         inputs= 4
OK  ti_exp_start                   inputs= 1
OK  ti_find_indicator              inputs= 1
OK  ti_fisher                      inputs= 4
OK  ti_fisher_start                inputs= 1
OK  ti_floor                       inputs= 4
OK  ti_floor_start                 inputs= 1
OK  ti_fosc                        inputs= 4
OK  ti_fosc_start                  inputs= 1
OK  ti_hma                         inputs= 4
OK  ti_hma_start                   inputs= 1
OK  ti_kama                        inputs= 4
OK  ti_kama_start                  inputs= 1
OK  ti_kvo                         inputs= 4
OK  ti_kvo_start                   inputs= 1
OK  ti_lag                         inputs= 4
OK  ti_lag_start                   inputs= 1
OK  ti_linreg                      inputs= 4
OK  ti_linreg_start                inputs= 1
OK  ti_linregintercept             inputs= 4
OK  ti_linregintercept_start       inputs= 1
OK  ti_linregslope                 inputs= 4
OK  ti_linregslope_start           inputs= 1
OK  ti_ln                          inputs= 4
OK  ti_ln_start                    inputs= 1
OK  ti_log10                       inputs= 4
OK  ti_log10_start                 inputs= 1
OK  ti_macd                        inputs= 4
OK  ti_macd_start                  inputs= 1
OK  ti_marketfi                    inputs= 4
OK  ti_marketfi_start              inputs= 1
OK  ti_mass                        inputs= 4
OK  ti_mass_start                  inputs= 1
OK  ti_max                         inputs= 4
OK  ti_max_start                   inputs= 1
OK  ti_md                          inputs= 4
OK  ti_md_start                    inputs= 1
OK  ti_medprice                    inputs= 4
OK  ti_medprice_start              inputs= 1
OK  ti_mfi                         inputs= 4
OK  ti_mfi_start                   inputs= 1
OK  ti_min                         inputs= 4
OK  ti_min_start                   inputs= 1
OK  ti_mom                         inputs= 4
OK  ti_mom_start                   inputs= 1
OK  ti_msw                         inputs= 4
OK  ti_msw_start                   inputs= 1
OK  ti_mul                         inputs= 4
OK  ti_mul_start                   inputs= 1
OK  ti_natr                        inputs= 4
OK  ti_natr_start                  inputs= 1
OK  ti_nvi                         inputs= 4
OK  ti_nvi_start                   inputs= 1
OK  ti_obv                         inputs= 4
OK  ti_obv_start                   inputs= 1
OK  ti_ppo                         inputs= 4
OK  ti_ppo_start                   inputs= 1
OK  ti_psar                        inputs= 4
OK  ti_psar_start                  inputs= 1
OK  ti_pvi                         inputs= 4
OK  ti_pvi_start                   inputs= 1
OK  ti_qstick                      inputs= 4
OK  ti_qstick_start                inputs= 1
OK  ti_roc                         inputs= 4
OK  ti_roc_start                   inputs= 1
OK  ti_rocr                        inputs= 4
OK  ti_rocr_start                  inputs= 1
OK  ti_round                       inputs= 4
OK  ti_round_start                 inputs= 1
OK  ti_rsi                         inputs= 4
OK  ti_rsi_start                   inputs= 1
OK  ti_sin                         inputs= 4
OK  ti_sin_start                   inputs= 1
OK  ti_sinh                        inputs= 4
OK  ti_sinh_start                  inputs= 1
OK  ti_sma                         inputs= 4
OK  ti_sma_start                   inputs= 1
OK  ti_sqrt                        inputs= 4
OK  ti_sqrt_start                  inputs= 1
OK  ti_stddev                      inputs= 4
OK  ti_stddev_start                inputs= 1
OK  ti_stderr                      inputs= 4
OK  ti_stderr_start                inputs= 1
OK  ti_stoch                       inputs= 4
OK  ti_stoch_start                 inputs= 1
OK  ti_stochrsi                    inputs= 4
OK  ti_stochrsi_start              inputs= 1
OK  ti_sub                         inputs= 4
OK  ti_sub_start                   inputs= 1
OK  ti_sum                         inputs= 4
OK  ti_sum_start                   inputs= 1
OK  ti_tan                         inputs= 4
OK  ti_tan_start                   inputs= 1
OK  ti_tanh                        inputs= 4
OK  ti_tanh_start                  inputs= 1
OK  ti_tema                        inputs= 4
OK  ti_tema_start                  inputs= 1
OK  ti_todeg                       inputs= 4
OK  ti_todeg_start                 inputs= 1
OK  ti_torad                       inputs= 4
OK  ti_torad_start                 inputs= 1
OK  ti_tr                          inputs= 4
OK  ti_tr_start                    inputs= 1
OK  ti_trima                       inputs= 4
OK  ti_trima_start                 inputs= 1
OK  ti_trix                        inputs= 4
OK  ti_trix_start                  inputs= 1
OK  ti_trunc                       inputs= 4
OK  ti_trunc_start                 inputs= 1
OK  ti_tsf                         inputs= 4
OK  ti_tsf_start                   inputs= 1
OK  ti_typprice                    inputs= 4
OK  ti_typprice_start              inputs= 1
OK  ti_ultosc                      inputs= 4
OK  ti_ultosc_start                inputs= 1
OK  ti_var                         inputs= 4
OK  ti_var_start                   inputs= 1
OK  ti_version                     inputs= 0
OK  ti_vhf                         inputs= 4
OK  ti_vhf_start                   inputs= 1
OK  ti_vidya                       inputs= 4
OK  ti_vidya_start                 inputs= 1
OK  ti_volatility                  inputs= 4
OK  ti_volatility_start            inputs= 1
OK  ti_vosc                        inputs= 4
OK  ti_vosc_start                  inputs= 1
OK  ti_vwma                        inputs= 4
OK  ti_vwma_start                  inputs= 1
OK  ti_wad                         inputs= 4
OK  ti_wad_start                   inputs= 1
OK  ti_wcprice                     inputs= 4
OK  ti_wcprice_start               inputs= 1
OK  ti_wilders                     inputs= 4
OK  ti_wilders_start               inputs= 1
OK  ti_willr                       inputs= 4
OK  ti_willr_start                 inputs= 1
OK  ti_wma                         inputs= 4
OK  ti_wma_start                   inputs= 1
OK  ti_zlema                       inputs= 4
OK  ti_zlema_start                 inputs= 1

planned 212 / 213
