FAIL elision_                       inputs= 0
       - signature: elision_ is not present in the Rust translation (no boundary)
OK  find_                          inputs= 3
FAIL get_quadrant_                  inputs= 2
       - point: no lossless Rust bridge -- struct parameter has Rust type Option<&QuadtreePoint>
FAIL insert_                        inputs= 4
       - signature: 2 produced objects in one call; ownership transfer between them cannot be ruled out, so the lifecycle cannot be claimed
       - point: no lossless Rust bridge -- Rust signature has 8 parameters, C has 4: reshaped API, no positional bridge
FAIL node_contains_                 inputs= 2
       - it: no lossless Rust bridge -- struct parameter has Rust type Option<&QuadtreePoint>
OK  quadtree_bounds_extend         inputs= 3
FAIL quadtree_bounds_free           inputs= 0
       - signature: quadtree_bounds_free is not present in the Rust translation (no boundary)
OK  quadtree_bounds_new            inputs= 0
FAIL quadtree_free                  inputs= 0
       - signature: quadtree_free is not present in the Rust translation (no boundary)
FAIL quadtree_insert                inputs= 4
       - x: no lossless Rust bridge -- Rust signature has 5 parameters, C has 4: reshaped API, no positional bridge
OK  quadtree_new                   inputs= 4
FAIL quadtree_node_free             inputs= 0
       - signature: callback parameter key_free deferred: function pointers (callback binding) not yet supported
OK  quadtree_node_isempty          inputs= 1
OK  quadtree_node_isleaf           inputs= 1
OK  quadtree_node_ispointer        inputs= 1
OK  quadtree_node_new              inputs= 0
FAIL quadtree_node_reset            inputs= 0
       - signature: callback parameter key_free deferred: function pointers (callback binding) not yet supported
OK  quadtree_node_with_bounds      inputs= 4
FAIL quadtree_point_free            inputs= 0
       - signature: quadtree_point_free is not present in the Rust translation (no boundary)
OK  quadtree_point_new             inputs= 2
OK  quadtree_search                inputs= 3
FAIL quadtree_walk                  inputs= 0
       - signature: callback parameter descent deferred: function pointers (callback binding) not yet supported
FAIL reset_node_                    inputs= 0
       - signature: reset_node_ is not present in the Rust translation (no boundary)
FAIL split_node_                    inputs= 2
       - signature: 2 produced objects in one call; ownership transfer between them cannot be ruled out, so the lifecycle cannot be claimed
       - tree: no lossless Rust bridge -- Rust signature has 5 parameters, C has 2: reshaped API, no positional bridge

planned 11 / 24
