actualArgID line start is -1 56
actualArgID line start is -1 56
actualArgID line start is -1 56
actualArgID line start is -1 893
actualArgID line start is -1 32090
actualArgID line start is -1 0
actualArgID line start is -1 56
actualArgID line start is -1 32090
actualArgID line start is -1 0
Find: NodeID = infile:31658
Parameter infile is passed to function osys_fgetsize as formal parameter ID 37421
Found struct member usage in callee: No struct members accessed
actualArgID line start is -1 31818
actualArgID line start is -1 56
actualArgID line start is -1 6
actualArgID line start is -1 56
actualArgID line start is -1 56
actualArgID line start is -1 6
Struct member usage for parameter infile: No struct members accessed
Analysis completed.
